18:18:48 **** Incremental Build of configuration Debug for project ARM-FreeRTOS ****
make -j8 all 
arm-none-eabi-gcc "../Drivers/Third Party/FreeRTOS/portable/MemMang/heap_4.c" -mcpu=cortex-m3 -std=gnu11 -g3 -DDEBUG -DUSE_HAL_DRIVER -DSTM32F103xB -c -I../Core/Inc -I"C:/Users/e0162112/STM32CubeIDE/workspace_1.13.0/ARM-FreeRTOS/Drivers/Third Party/FreeRTOS/portable/GCC/ARM_CM3" -I"C:/Users/e0162112/STM32CubeIDE/workspace_1.13.0/ARM-FreeRTOS/Drivers/Third Party/FreeRTOS/portable/MemMang" -I"C:/Users/e0162112/STM32CubeIDE/workspace_1.13.0/ARM-FreeRTOS/Drivers/Third Party/FreeRTOS/include" -I../Drivers/STM32F1xx_HAL_Driver/Inc/Legacy -I../Drivers/STM32F1xx_HAL_Driver/Inc -I../Drivers/CMSIS/Device/ST/STM32F1xx/Include -I../Drivers/CMSIS/Include -O0 -ffunction-sections -fdata-sections -Wall -fstack-usage -fcyclomatic-complexity -MMD -MP -MF"Drivers/Third Party/FreeRTOS/portable/MemMang/heap_4.d" -MT"Drivers/Third Party/FreeRTOS/portable/MemMang/heap_4.o" --specs=nano.specs -mfloat-abi=soft -mthumb -o "Drivers/Third Party/FreeRTOS/portable/MemMang/heap_4.o"
arm-none-eabi-gcc "../Drivers/Third Party/FreeRTOS/portable/GCC/ARM_CM3/port.c" -mcpu=cortex-m3 -std=gnu11 -g3 -DDEBUG -DUSE_HAL_DRIVER -DSTM32F103xB -c -I../Core/Inc -I"C:/Users/e0162112/STM32CubeIDE/workspace_1.13.0/ARM-FreeRTOS/Drivers/Third Party/FreeRTOS/portable/GCC/ARM_CM3" -I"C:/Users/e0162112/STM32CubeIDE/workspace_1.13.0/ARM-FreeRTOS/Drivers/Third Party/FreeRTOS/portable/MemMang" -I"C:/Users/e0162112/STM32CubeIDE/workspace_1.13.0/ARM-FreeRTOS/Drivers/Third Party/FreeRTOS/include" -I../Drivers/STM32F1xx_HAL_Driver/Inc/Legacy -I../Drivers/STM32F1xx_HAL_Driver/Inc -I../Drivers/CMSIS/Device/ST/STM32F1xx/Include -I../Drivers/CMSIS/Include -O0 -ffunction-sections -fdata-sections -Wall -fstack-usage -fcyclomatic-complexity -MMD -MP -MF"Drivers/Third Party/FreeRTOS/portable/GCC/ARM_CM3/port.d" -MT"Drivers/Third Party/FreeRTOS/portable/GCC/ARM_CM3/port.o" --specs=nano.specs -mfloat-abi=soft -mthumb -o "Drivers/Third Party/FreeRTOS/portable/GCC/ARM_CM3/port.o"
arm-none-eabi-gcc "../Drivers/Third Party/FreeRTOS/croutine.c" -mcpu=cortex-m3 -std=gnu11 -g3 -DDEBUG -DUSE_HAL_DRIVER -DSTM32F103xB -c -I../Core/Inc -I"C:/Users/e0162112/STM32CubeIDE/workspace_1.13.0/ARM-FreeRTOS/Drivers/Third Party/FreeRTOS/portable/GCC/ARM_CM3" -I"C:/Users/e0162112/STM32CubeIDE/workspace_1.13.0/ARM-FreeRTOS/Drivers/Third Party/FreeRTOS/portable/MemMang" -I"C:/Users/e0162112/STM32CubeIDE/workspace_1.13.0/ARM-FreeRTOS/Drivers/Third Party/FreeRTOS/include" -I../Drivers/STM32F1xx_HAL_Driver/Inc/Legacy -I../Drivers/STM32F1xx_HAL_Driver/Inc -I../Drivers/CMSIS/Device/ST/STM32F1xx/Include -I../Drivers/CMSIS/Include -O0 -ffunction-sections -fdata-sections -Wall -fstack-usage -fcyclomatic-complexity -MMD -MP -MF"Drivers/Third Party/FreeRTOS/croutine.d" -MT"Drivers/Third Party/FreeRTOS/croutine.o" --specs=nano.specs -mfloat-abi=soft -mthumb -o "Drivers/Third Party/FreeRTOS/croutine.o"
arm-none-eabi-gcc "../Drivers/Third Party/FreeRTOS/event_groups.c" -mcpu=cortex-m3 -std=gnu11 -g3 -DDEBUG -DUSE_HAL_DRIVER -DSTM32F103xB -c -I../Core/Inc -I"C:/Users/e0162112/STM32CubeIDE/workspace_1.13.0/ARM-FreeRTOS/Drivers/Third Party/FreeRTOS/portable/GCC/ARM_CM3" -I"C:/Users/e0162112/STM32CubeIDE/workspace_1.13.0/ARM-FreeRTOS/Drivers/Third Party/FreeRTOS/portable/MemMang" -I"C:/Users/e0162112/STM32CubeIDE/workspace_1.13.0/ARM-FreeRTOS/Drivers/Third Party/FreeRTOS/include" -I../Drivers/STM32F1xx_HAL_Driver/Inc/Legacy -I../Drivers/STM32F1xx_HAL_Driver/Inc -I../Drivers/CMSIS/Device/ST/STM32F1xx/Include -I../Drivers/CMSIS/Include -O0 -ffunction-sections -fdata-sections -Wall -fstack-usage -fcyclomatic-complexity -MMD -MP -MF"Drivers/Third Party/FreeRTOS/event_groups.d" -MT"Drivers/Third Party/FreeRTOS/event_groups.o" --specs=nano.specs -mfloat-abi=soft -mthumb -o "Drivers/Third Party/FreeRTOS/event_groups.o"
arm-none-eabi-gcc "../Drivers/Third Party/FreeRTOS/list.c" -mcpu=cortex-m3 -std=gnu11 -g3 -DDEBUG -DUSE_HAL_DRIVER -DSTM32F103xB -c -I../Core/Inc -I"C:/Users/e0162112/STM32CubeIDE/workspace_1.13.0/ARM-FreeRTOS/Drivers/Third Party/FreeRTOS/portable/GCC/ARM_CM3" -I"C:/Users/e0162112/STM32CubeIDE/workspace_1.13.0/ARM-FreeRTOS/Drivers/Third Party/FreeRTOS/portable/MemMang" -I"C:/Users/e0162112/STM32CubeIDE/workspace_1.13.0/ARM-FreeRTOS/Drivers/Third Party/FreeRTOS/include" -I../Drivers/STM32F1xx_HAL_Driver/Inc/Legacy -I../Drivers/STM32F1xx_HAL_Driver/Inc -I../Drivers/CMSIS/Device/ST/STM32F1xx/Include -I../Drivers/CMSIS/Include -O0 -ffunction-sections -fdata-sections -Wall -fstack-usage -fcyclomatic-complexity -MMD -MP -MF"Drivers/Third Party/FreeRTOS/list.d" -MT"Drivers/Third Party/FreeRTOS/list.o" --specs=nano.specs -mfloat-abi=soft -mthumb -o "Drivers/Third Party/FreeRTOS/list.o"
arm-none-eabi-gcc "../Drivers/Third Party/FreeRTOS/queue.c" -mcpu=cortex-m3 -std=gnu11 -g3 -DDEBUG -DUSE_HAL_DRIVER -DSTM32F103xB -c -I../Core/Inc -I"C:/Users/e0162112/STM32CubeIDE/workspace_1.13.0/ARM-FreeRTOS/Drivers/Third Party/FreeRTOS/portable/GCC/ARM_CM3" -I"C:/Users/e0162112/STM32CubeIDE/workspace_1.13.0/ARM-FreeRTOS/Drivers/Third Party/FreeRTOS/portable/MemMang" -I"C:/Users/e0162112/STM32CubeIDE/workspace_1.13.0/ARM-FreeRTOS/Drivers/Third Party/FreeRTOS/include" -I../Drivers/STM32F1xx_HAL_Driver/Inc/Legacy -I../Drivers/STM32F1xx_HAL_Driver/Inc -I../Drivers/CMSIS/Device/ST/STM32F1xx/Include -I../Drivers/CMSIS/Include -O0 -ffunction-sections -fdata-sections -Wall -fstack-usage -fcyclomatic-complexity -MMD -MP -MF"Drivers/Third Party/FreeRTOS/queue.d" -MT"Drivers/Third Party/FreeRTOS/queue.o" --specs=nano.specs -mfloat-abi=soft -mthumb -o "Drivers/Third Party/FreeRTOS/queue.o"
arm-none-eabi-gcc "../Drivers/Third Party/FreeRTOS/stream_buffer.c" -mcpu=cortex-m3 -std=gnu11 -g3 -DDEBUG -DUSE_HAL_DRIVER -DSTM32F103xB -c -I../Core/Inc -I"C:/Users/e0162112/STM32CubeIDE/workspace_1.13.0/ARM-FreeRTOS/Drivers/Third Party/FreeRTOS/portable/GCC/ARM_CM3" -I"C:/Users/e0162112/STM32CubeIDE/workspace_1.13.0/ARM-FreeRTOS/Drivers/Third Party/FreeRTOS/portable/MemMang" -I"C:/Users/e0162112/STM32CubeIDE/workspace_1.13.0/ARM-FreeRTOS/Drivers/Third Party/FreeRTOS/include" -I../Drivers/STM32F1xx_HAL_Driver/Inc/Legacy -I../Drivers/STM32F1xx_HAL_Driver/Inc -I../Drivers/CMSIS/Device/ST/STM32F1xx/Include -I../Drivers/CMSIS/Include -O0 -ffunction-sections -fdata-sections -Wall -fstack-usage -fcyclomatic-complexity -MMD -MP -MF"Drivers/Third Party/FreeRTOS/stream_buffer.d" -MT"Drivers/Third Party/FreeRTOS/stream_buffer.o" --specs=nano.specs -mfloat-abi=soft -mthumb -o "Drivers/Third Party/FreeRTOS/stream_buffer.o"
arm-none-eabi-gcc "../Drivers/Third Party/FreeRTOS/tasks.c" -mcpu=cortex-m3 -std=gnu11 -g3 -DDEBUG -DUSE_HAL_DRIVER -DSTM32F103xB -c -I../Core/Inc -I"C:/Users/e0162112/STM32CubeIDE/workspace_1.13.0/ARM-FreeRTOS/Drivers/Third Party/FreeRTOS/portable/GCC/ARM_CM3" -I"C:/Users/e0162112/STM32CubeIDE/workspace_1.13.0/ARM-FreeRTOS/Drivers/Third Party/FreeRTOS/portable/MemMang" -I"C:/Users/e0162112/STM32CubeIDE/workspace_1.13.0/ARM-FreeRTOS/Drivers/Third Party/FreeRTOS/include" -I../Drivers/STM32F1xx_HAL_Driver/Inc/Legacy -I../Drivers/STM32F1xx_HAL_Driver/Inc -I../Drivers/CMSIS/Device/ST/STM32F1xx/Include -I../Drivers/CMSIS/Include -O0 -ffunction-sections -fdata-sections -Wall -fstack-usage -fcyclomatic-complexity -MMD -MP -MF"Drivers/Third Party/FreeRTOS/tasks.d" -MT"Drivers/Third Party/FreeRTOS/tasks.o" --specs=nano.specs -mfloat-abi=soft -mthumb -o "Drivers/Third Party/FreeRTOS/tasks.o"
arm-none-eabi-gcc "../Drivers/Third Party/FreeRTOS/timers.c" -mcpu=cortex-m3 -std=gnu11 -g3 -DDEBUG -DUSE_HAL_DRIVER -DSTM32F103xB -c -I../Core/Inc -I"C:/Users/e0162112/STM32CubeIDE/workspace_1.13.0/ARM-FreeRTOS/Drivers/Third Party/FreeRTOS/portable/GCC/ARM_CM3" -I"C:/Users/e0162112/STM32CubeIDE/workspace_1.13.0/ARM-FreeRTOS/Drivers/Third Party/FreeRTOS/portable/MemMang" -I"C:/Users/e0162112/STM32CubeIDE/workspace_1.13.0/ARM-FreeRTOS/Drivers/Third Party/FreeRTOS/include" -I../Drivers/STM32F1xx_HAL_Driver/Inc/Legacy -I../Drivers/STM32F1xx_HAL_Driver/Inc -I../Drivers/CMSIS/Device/ST/STM32F1xx/Include -I../Drivers/CMSIS/Include -O0 -ffunction-sections -fdata-sections -Wall -fstack-usage -fcyclomatic-complexity -MMD -MP -MF"Drivers/Third Party/FreeRTOS/timers.d" -MT"Drivers/Third Party/FreeRTOS/timers.o" --specs=nano.specs -mfloat-abi=soft -mthumb -o "Drivers/Third Party/FreeRTOS/timers.o"
arm-none-eabi-gcc "../Drivers/STM32F1xx_HAL_Driver/Src/stm32f1xx_hal.c" -mcpu=cortex-m3 -std=gnu11 -g3 -DDEBUG -DUSE_HAL_DRIVER -DSTM32F103xB -c -I../Core/Inc -I"C:/Users/e0162112/STM32CubeIDE/workspace_1.13.0/ARM-FreeRTOS/Drivers/Third Party/FreeRTOS/portable/GCC/ARM_CM3" -I"C:/Users/e0162112/STM32CubeIDE/workspace_1.13.0/ARM-FreeRTOS/Drivers/Third Party/FreeRTOS/portable/MemMang" -I"C:/Users/e0162112/STM32CubeIDE/workspace_1.13.0/ARM-FreeRTOS/Drivers/Third Party/FreeRTOS/include" -I../Drivers/STM32F1xx_HAL_Driver/Inc/Legacy -I../Drivers/STM32F1xx_HAL_Driver/Inc -I../Drivers/CMSIS/Device/ST/STM32F1xx/Include -I../Drivers/CMSIS/Include -O0 -ffunction-sections -fdata-sections -Wall -fstack-usage -fcyclomatic-complexity -MMD -MP -MF"Drivers/STM32F1xx_HAL_Driver/Src/stm32f1xx_hal.d" -MT"Drivers/STM32F1xx_HAL_Driver/Src/stm32f1xx_hal.o" --specs=nano.specs -mfloat-abi=soft -mthumb -o "Drivers/STM32F1xx_HAL_Driver/Src/stm32f1xx_hal.o"
arm-none-eabi-gcc "../Drivers/STM32F1xx_HAL_Driver/Src/stm32f1xx_hal_cortex.c" -mcpu=cortex-m3 -std=gnu11 -g3 -DDEBUG -DUSE_HAL_DRIVER -DSTM32F103xB -c -I../Core/Inc -I"C:/Users/e0162112/STM32CubeIDE/workspace_1.13.0/ARM-FreeRTOS/Drivers/Third Party/FreeRTOS/portable/GCC/ARM_CM3" -I"C:/Users/e0162112/STM32CubeIDE/workspace_1.13.0/ARM-FreeRTOS/Drivers/Third Party/FreeRTOS/portable/MemMang" -I"C:/Users/e0162112/STM32CubeIDE/workspace_1.13.0/ARM-FreeRTOS/Drivers/Third Party/FreeRTOS/include" -I../Drivers/STM32F1xx_HAL_Driver/Inc/Legacy -I../Drivers/STM32F1xx_HAL_Driver/Inc -I../Drivers/CMSIS/Device/ST/STM32F1xx/Include -I../Drivers/CMSIS/Include -O0 -ffunction-sections -fdata-sections -Wall -fstack-usage -fcyclomatic-complexity -MMD -MP -MF"Drivers/STM32F1xx_HAL_Driver/Src/stm32f1xx_hal_cortex.d" -MT"Drivers/STM32F1xx_HAL_Driver/Src/stm32f1xx_hal_cortex.o" --specs=nano.specs -mfloat-abi=soft -mthumb -o "Drivers/STM32F1xx_HAL_Driver/Src/stm32f1xx_hal_cortex.o"
arm-none-eabi-gcc "../Drivers/STM32F1xx_HAL_Driver/Src/stm32f1xx_hal_dma.c" -mcpu=cortex-m3 -std=gnu11 -g3 -DDEBUG -DUSE_HAL_DRIVER -DSTM32F103xB -c -I../Core/Inc -I"C:/Users/e0162112/STM32CubeIDE/workspace_1.13.0/ARM-FreeRTOS/Drivers/Third Party/FreeRTOS/portable/GCC/ARM_CM3" -I"C:/Users/e0162112/STM32CubeIDE/workspace_1.13.0/ARM-FreeRTOS/Drivers/Third Party/FreeRTOS/portable/MemMang" -I"C:/Users/e0162112/STM32CubeIDE/workspace_1.13.0/ARM-FreeRTOS/Drivers/Third Party/FreeRTOS/include" -I../Drivers/STM32F1xx_HAL_Driver/Inc/Legacy -I../Drivers/STM32F1xx_HAL_Driver/Inc -I../Drivers/CMSIS/Device/ST/STM32F1xx/Include -I../Drivers/CMSIS/Include -O0 -ffunction-sections -fdata-sections -Wall -fstack-usage -fcyclomatic-complexity -MMD -MP -MF"Drivers/STM32F1xx_HAL_Driver/Src/stm32f1xx_hal_dma.d" -MT"Drivers/STM32F1xx_HAL_Driver/Src/stm32f1xx_hal_dma.o" --specs=nano.specs -mfloat-abi=soft -mthumb -o "Drivers/STM32F1xx_HAL_Driver/Src/stm32f1xx_hal_dma.o"
arm-none-eabi-gcc "../Drivers/STM32F1xx_HAL_Driver/Src/stm32f1xx_hal_exti.c" -mcpu=cortex-m3 -std=gnu11 -g3 -DDEBUG -DUSE_HAL_DRIVER -DSTM32F103xB -c -I../Core/Inc -I"C:/Users/e0162112/STM32CubeIDE/workspace_1.13.0/ARM-FreeRTOS/Drivers/Third Party/FreeRTOS/portable/GCC/ARM_CM3" -I"C:/Users/e0162112/STM32CubeIDE/workspace_1.13.0/ARM-FreeRTOS/Drivers/Third Party/FreeRTOS/portable/MemMang" -I"C:/Users/e0162112/STM32CubeIDE/workspace_1.13.0/ARM-FreeRTOS/Drivers/Third Party/FreeRTOS/include" -I../Drivers/STM32F1xx_HAL_Driver/Inc/Legacy -I../Drivers/STM32F1xx_HAL_Driver/Inc -I../Drivers/CMSIS/Device/ST/STM32F1xx/Include -I../Drivers/CMSIS/Include -O0 -ffunction-sections -fdata-sections -Wall -fstack-usage -fcyclomatic-complexity -MMD -MP -MF"Drivers/STM32F1xx_HAL_Driver/Src/stm32f1xx_hal_exti.d" -MT"Drivers/STM32F1xx_HAL_Driver/Src/stm32f1xx_hal_exti.o" --specs=nano.specs -mfloat-abi=soft -mthumb -o "Drivers/STM32F1xx_HAL_Driver/Src/stm32f1xx_hal_exti.o"
arm-none-eabi-gcc "../Drivers/STM32F1xx_HAL_Driver/Src/stm32f1xx_hal_flash.c" -mcpu=cortex-m3 -std=gnu11 -g3 -DDEBUG -DUSE_HAL_DRIVER -DSTM32F103xB -c -I../Core/Inc -I"C:/Users/e0162112/STM32CubeIDE/workspace_1.13.0/ARM-FreeRTOS/Drivers/Third Party/FreeRTOS/portable/GCC/ARM_CM3" -I"C:/Users/e0162112/STM32CubeIDE/workspace_1.13.0/ARM-FreeRTOS/Drivers/Third Party/FreeRTOS/portable/MemMang" -I"C:/Users/e0162112/STM32CubeIDE/workspace_1.13.0/ARM-FreeRTOS/Drivers/Third Party/FreeRTOS/include" -I../Drivers/STM32F1xx_HAL_Driver/Inc/Legacy -I../Drivers/STM32F1xx_HAL_Driver/Inc -I../Drivers/CMSIS/Device/ST/STM32F1xx/Include -I../Drivers/CMSIS/Include -O0 -ffunction-sections -fdata-sections -Wall -fstack-usage -fcyclomatic-complexity -MMD -MP -MF"Drivers/STM32F1xx_HAL_Driver/Src/stm32f1xx_hal_flash.d" -MT"Drivers/STM32F1xx_HAL_Driver/Src/stm32f1xx_hal_flash.o" --specs=nano.specs -mfloat-abi=soft -mthumb -o "Drivers/STM32F1xx_HAL_Driver/Src/stm32f1xx_hal_flash.o"
arm-none-eabi-gcc "../Drivers/STM32F1xx_HAL_Driver/Src/stm32f1xx_hal_flash_ex.c" -mcpu=cortex-m3 -std=gnu11 -g3 -DDEBUG -DUSE_HAL_DRIVER -DSTM32F103xB -c -I../Core/Inc -I"C:/Users/e0162112/STM32CubeIDE/workspace_1.13.0/ARM-FreeRTOS/Drivers/Third Party/FreeRTOS/portable/GCC/ARM_CM3" -I"C:/Users/e0162112/STM32CubeIDE/workspace_1.13.0/ARM-FreeRTOS/Drivers/Third Party/FreeRTOS/portable/MemMang" -I"C:/Users/e0162112/STM32CubeIDE/workspace_1.13.0/ARM-FreeRTOS/Drivers/Third Party/FreeRTOS/include" -I../Drivers/STM32F1xx_HAL_Driver/Inc/Legacy -I../Drivers/STM32F1xx_HAL_Driver/Inc -I../Drivers/CMSIS/Device/ST/STM32F1xx/Include -I../Drivers/CMSIS/Include -O0 -ffunction-sections -fdata-sections -Wall -fstack-usage -fcyclomatic-complexity -MMD -MP -MF"Drivers/STM32F1xx_HAL_Driver/Src/stm32f1xx_hal_flash_ex.d" -MT"Drivers/STM32F1xx_HAL_Driver/Src/stm32f1xx_hal_flash_ex.o" --specs=nano.specs -mfloat-abi=soft -mthumb -o "Drivers/STM32F1xx_HAL_Driver/Src/stm32f1xx_hal_flash_ex.o"
arm-none-eabi-gcc "../Drivers/STM32F1xx_HAL_Driver/Src/stm32f1xx_hal_gpio.c" -mcpu=cortex-m3 -std=gnu11 -g3 -DDEBUG -DUSE_HAL_DRIVER -DSTM32F103xB -c -I../Core/Inc -I"C:/Users/e0162112/STM32CubeIDE/workspace_1.13.0/ARM-FreeRTOS/Drivers/Third Party/FreeRTOS/portable/GCC/ARM_CM3" -I"C:/Users/e0162112/STM32CubeIDE/workspace_1.13.0/ARM-FreeRTOS/Drivers/Third Party/FreeRTOS/portable/MemMang" -I"C:/Users/e0162112/STM32CubeIDE/workspace_1.13.0/ARM-FreeRTOS/Drivers/Third Party/FreeRTOS/include" -I../Drivers/STM32F1xx_HAL_Driver/Inc/Legacy -I../Drivers/STM32F1xx_HAL_Driver/Inc -I../Drivers/CMSIS/Device/ST/STM32F1xx/Include -I../Drivers/CMSIS/Include -O0 -ffunction-sections -fdata-sections -Wall -fstack-usage -fcyclomatic-complexity -MMD -MP -MF"Drivers/STM32F1xx_HAL_Driver/Src/stm32f1xx_hal_gpio.d" -MT"Drivers/STM32F1xx_HAL_Driver/Src/stm32f1xx_hal_gpio.o" --specs=nano.specs -mfloat-abi=soft -mthumb -o "Drivers/STM32F1xx_HAL_Driver/Src/stm32f1xx_hal_gpio.o"
arm-none-eabi-gcc "../Drivers/STM32F1xx_HAL_Driver/Src/stm32f1xx_hal_gpio_ex.c" -mcpu=cortex-m3 -std=gnu11 -g3 -DDEBUG -DUSE_HAL_DRIVER -DSTM32F103xB -c -I../Core/Inc -I"C:/Users/e0162112/STM32CubeIDE/workspace_1.13.0/ARM-FreeRTOS/Drivers/Third Party/FreeRTOS/portable/GCC/ARM_CM3" -I"C:/Users/e0162112/STM32CubeIDE/workspace_1.13.0/ARM-FreeRTOS/Drivers/Third Party/FreeRTOS/portable/MemMang" -I"C:/Users/e0162112/STM32CubeIDE/workspace_1.13.0/ARM-FreeRTOS/Drivers/Third Party/FreeRTOS/include" -I../Drivers/STM32F1xx_HAL_Driver/Inc/Legacy -I../Drivers/STM32F1xx_HAL_Driver/Inc -I../Drivers/CMSIS/Device/ST/STM32F1xx/Include -I../Drivers/CMSIS/Include -O0 -ffunction-sections -fdata-sections -Wall -fstack-usage -fcyclomatic-complexity -MMD -MP -MF"Drivers/STM32F1xx_HAL_Driver/Src/stm32f1xx_hal_gpio_ex.d" -MT"Drivers/STM32F1xx_HAL_Driver/Src/stm32f1xx_hal_gpio_ex.o" --specs=nano.specs -mfloat-abi=soft -mthumb -o "Drivers/STM32F1xx_HAL_Driver/Src/stm32f1xx_hal_gpio_ex.o"
arm-none-eabi-gcc "../Drivers/STM32F1xx_HAL_Driver/Src/stm32f1xx_hal_pwr.c" -mcpu=cortex-m3 -std=gnu11 -g3 -DDEBUG -DUSE_HAL_DRIVER -DSTM32F103xB -c -I../Core/Inc -I"C:/Users/e0162112/STM32CubeIDE/workspace_1.13.0/ARM-FreeRTOS/Drivers/Third Party/FreeRTOS/portable/GCC/ARM_CM3" -I"C:/Users/e0162112/STM32CubeIDE/workspace_1.13.0/ARM-FreeRTOS/Drivers/Third Party/FreeRTOS/portable/MemMang" -I"C:/Users/e0162112/STM32CubeIDE/workspace_1.13.0/ARM-FreeRTOS/Drivers/Third Party/FreeRTOS/include" -I../Drivers/STM32F1xx_HAL_Driver/Inc/Legacy -I../Drivers/STM32F1xx_HAL_Driver/Inc -I../Drivers/CMSIS/Device/ST/STM32F1xx/Include -I../Drivers/CMSIS/Include -O0 -ffunction-sections -fdata-sections -Wall -fstack-usage -fcyclomatic-complexity -MMD -MP -MF"Drivers/STM32F1xx_HAL_Driver/Src/stm32f1xx_hal_pwr.d" -MT"Drivers/STM32F1xx_HAL_Driver/Src/stm32f1xx_hal_pwr.o" --specs=nano.specs -mfloat-abi=soft -mthumb -o "Drivers/STM32F1xx_HAL_Driver/Src/stm32f1xx_hal_pwr.o"
arm-none-eabi-gcc "../Drivers/STM32F1xx_HAL_Driver/Src/stm32f1xx_hal_rcc.c" -mcpu=cortex-m3 -std=gnu11 -g3 -DDEBUG -DUSE_HAL_DRIVER -DSTM32F103xB -c -I../Core/Inc -I"C:/Users/e0162112/STM32CubeIDE/workspace_1.13.0/ARM-FreeRTOS/Drivers/Third Party/FreeRTOS/portable/GCC/ARM_CM3" -I"C:/Users/e0162112/STM32CubeIDE/workspace_1.13.0/ARM-FreeRTOS/Drivers/Third Party/FreeRTOS/portable/MemMang" -I"C:/Users/e0162112/STM32CubeIDE/workspace_1.13.0/ARM-FreeRTOS/Drivers/Third Party/FreeRTOS/include" -I../Drivers/STM32F1xx_HAL_Driver/Inc/Legacy -I../Drivers/STM32F1xx_HAL_Driver/Inc -I../Drivers/CMSIS/Device/ST/STM32F1xx/Include -I../Drivers/CMSIS/Include -O0 -ffunction-sections -fdata-sections -Wall -fstack-usage -fcyclomatic-complexity -MMD -MP -MF"Drivers/STM32F1xx_HAL_Driver/Src/stm32f1xx_hal_rcc.d" -MT"Drivers/STM32F1xx_HAL_Driver/Src/stm32f1xx_hal_rcc.o" --specs=nano.specs -mfloat-abi=soft -mthumb -o "Drivers/STM32F1xx_HAL_Driver/Src/stm32f1xx_hal_rcc.o"
arm-none-eabi-gcc "../Drivers/STM32F1xx_HAL_Driver/Src/stm32f1xx_hal_rcc_ex.c" -mcpu=cortex-m3 -std=gnu11 -g3 -DDEBUG -DUSE_HAL_DRIVER -DSTM32F103xB -c -I../Core/Inc -I"C:/Users/e0162112/STM32CubeIDE/workspace_1.13.0/ARM-FreeRTOS/Drivers/Third Party/FreeRTOS/portable/GCC/ARM_CM3" -I"C:/Users/e0162112/STM32CubeIDE/workspace_1.13.0/ARM-FreeRTOS/Drivers/Third Party/FreeRTOS/portable/MemMang" -I"C:/Users/e0162112/STM32CubeIDE/workspace_1.13.0/ARM-FreeRTOS/Drivers/Third Party/FreeRTOS/include" -I../Drivers/STM32F1xx_HAL_Driver/Inc/Legacy -I../Drivers/STM32F1xx_HAL_Driver/Inc -I../Drivers/CMSIS/Device/ST/STM32F1xx/Include -I../Drivers/CMSIS/Include -O0 -ffunction-sections -fdata-sections -Wall -fstack-usage -fcyclomatic-complexity -MMD -MP -MF"Drivers/STM32F1xx_HAL_Driver/Src/stm32f1xx_hal_rcc_ex.d" -MT"Drivers/STM32F1xx_HAL_Driver/Src/stm32f1xx_hal_rcc_ex.o" --specs=nano.specs -mfloat-abi=soft -mthumb -o "Drivers/STM32F1xx_HAL_Driver/Src/stm32f1xx_hal_rcc_ex.o"
arm-none-eabi-gcc "../Drivers/STM32F1xx_HAL_Driver/Src/stm32f1xx_hal_tim.c" -mcpu=cortex-m3 -std=gnu11 -g3 -DDEBUG -DUSE_HAL_DRIVER -DSTM32F103xB -c -I../Core/Inc -I"C:/Users/e0162112/STM32CubeIDE/workspace_1.13.0/ARM-FreeRTOS/Drivers/Third Party/FreeRTOS/portable/GCC/ARM_CM3" -I"C:/Users/e0162112/STM32CubeIDE/workspace_1.13.0/ARM-FreeRTOS/Drivers/Third Party/FreeRTOS/portable/MemMang" -I"C:/Users/e0162112/STM32CubeIDE/workspace_1.13.0/ARM-FreeRTOS/Drivers/Third Party/FreeRTOS/include" -I../Drivers/STM32F1xx_HAL_Driver/Inc/Legacy -I../Drivers/STM32F1xx_HAL_Driver/Inc -I../Drivers/CMSIS/Device/ST/STM32F1xx/Include -I../Drivers/CMSIS/Include -O0 -ffunction-sections -fdata-sections -Wall -fstack-usage -fcyclomatic-complexity -MMD -MP -MF"Drivers/STM32F1xx_HAL_Driver/Src/stm32f1xx_hal_tim.d" -MT"Drivers/STM32F1xx_HAL_Driver/Src/stm32f1xx_hal_tim.o" --specs=nano.specs -mfloat-abi=soft -mthumb -o "Drivers/STM32F1xx_HAL_Driver/Src/stm32f1xx_hal_tim.o"
arm-none-eabi-gcc "../Drivers/STM32F1xx_HAL_Driver/Src/stm32f1xx_hal_tim_ex.c" -mcpu=cortex-m3 -std=gnu11 -g3 -DDEBUG -DUSE_HAL_DRIVER -DSTM32F103xB -c -I../Core/Inc -I"C:/Users/e0162112/STM32CubeIDE/workspace_1.13.0/ARM-FreeRTOS/Drivers/Third Party/FreeRTOS/portable/GCC/ARM_CM3" -I"C:/Users/e0162112/STM32CubeIDE/workspace_1.13.0/ARM-FreeRTOS/Drivers/Third Party/FreeRTOS/portable/MemMang" -I"C:/Users/e0162112/STM32CubeIDE/workspace_1.13.0/ARM-FreeRTOS/Drivers/Third Party/FreeRTOS/include" -I../Drivers/STM32F1xx_HAL_Driver/Inc/Legacy -I../Drivers/STM32F1xx_HAL_Driver/Inc -I../Drivers/CMSIS/Device/ST/STM32F1xx/Include -I../Drivers/CMSIS/Include -O0 -ffunction-sections -fdata-sections -Wall -fstack-usage -fcyclomatic-complexity -MMD -MP -MF"Drivers/STM32F1xx_HAL_Driver/Src/stm32f1xx_hal_tim_ex.d" -MT"Drivers/STM32F1xx_HAL_Driver/Src/stm32f1xx_hal_tim_ex.o" --specs=nano.specs -mfloat-abi=soft -mthumb -o "Drivers/STM32F1xx_HAL_Driver/Src/stm32f1xx_hal_tim_ex.o"
arm-none-eabi-gcc -mcpu=cortex-m3 -g3 -DDEBUG -c -x assembler-with-cpp -MMD -MP -MF"Core/Startup/startup_stm32f103c8tx.d" -MT"Core/Startup/startup_stm32f103c8tx.o" --specs=nano.specs -mfloat-abi=soft -mthumb -o "Core/Startup/startup_stm32f103c8tx.o" "../Core/Startup/startup_stm32f103c8tx.s"
arm-none-eabi-gcc "../Core/Src/main.c" -mcpu=cortex-m3 -std=gnu11 -g3 -DDEBUG -DUSE_HAL_DRIVER -DSTM32F103xB -c -I../Core/Inc -I"C:/Users/e0162112/STM32CubeIDE/workspace_1.13.0/ARM-FreeRTOS/Drivers/Third Party/FreeRTOS/portable/GCC/ARM_CM3" -I"C:/Users/e0162112/STM32CubeIDE/workspace_1.13.0/ARM-FreeRTOS/Drivers/Third Party/FreeRTOS/portable/MemMang" -I"C:/Users/e0162112/STM32CubeIDE/workspace_1.13.0/ARM-FreeRTOS/Drivers/Third Party/FreeRTOS/include" -I../Drivers/STM32F1xx_HAL_Driver/Inc/Legacy -I../Drivers/STM32F1xx_HAL_Driver/Inc -I../Drivers/CMSIS/Device/ST/STM32F1xx/Include -I../Drivers/CMSIS/Include -O0 -ffunction-sections -fdata-sections -Wall -fstack-usage -fcyclomatic-complexity -MMD -MP -MF"Core/Src/main.d" -MT"Core/Src/main.o" --specs=nano.specs -mfloat-abi=soft -mthumb -o "Core/Src/main.o"
arm-none-eabi-gcc "../Core/Src/stm32f1xx_hal_msp.c" -mcpu=cortex-m3 -std=gnu11 -g3 -DDEBUG -DUSE_HAL_DRIVER -DSTM32F103xB -c -I../Core/Inc -I"C:/Users/e0162112/STM32CubeIDE/workspace_1.13.0/ARM-FreeRTOS/Drivers/Third Party/FreeRTOS/portable/GCC/ARM_CM3" -I"C:/Users/e0162112/STM32CubeIDE/workspace_1.13.0/ARM-FreeRTOS/Drivers/Third Party/FreeRTOS/portable/MemMang" -I"C:/Users/e0162112/STM32CubeIDE/workspace_1.13.0/ARM-FreeRTOS/Drivers/Third Party/FreeRTOS/include" -I../Drivers/STM32F1xx_HAL_Driver/Inc/Legacy -I../Drivers/STM32F1xx_HAL_Driver/Inc -I../Drivers/CMSIS/Device/ST/STM32F1xx/Include -I../Drivers/CMSIS/Include -O0 -ffunction-sections -fdata-sections -Wall -fstack-usage -fcyclomatic-complexity -MMD -MP -MF"Core/Src/stm32f1xx_hal_msp.d" -MT"Core/Src/stm32f1xx_hal_msp.o" --specs=nano.specs -mfloat-abi=soft -mthumb -o "Core/Src/stm32f1xx_hal_msp.o"
arm-none-eabi-gcc "../Core/Src/stm32f1xx_it.c" -mcpu=cortex-m3 -std=gnu11 -g3 -DDEBUG -DUSE_HAL_DRIVER -DSTM32F103xB -c -I../Core/Inc -I"C:/Users/e0162112/STM32CubeIDE/workspace_1.13.0/ARM-FreeRTOS/Drivers/Third Party/FreeRTOS/portable/GCC/ARM_CM3" -I"C:/Users/e0162112/STM32CubeIDE/workspace_1.13.0/ARM-FreeRTOS/Drivers/Third Party/FreeRTOS/portable/MemMang" -I"C:/Users/e0162112/STM32CubeIDE/workspace_1.13.0/ARM-FreeRTOS/Drivers/Third Party/FreeRTOS/include" -I../Drivers/STM32F1xx_HAL_Driver/Inc/Legacy -I../Drivers/STM32F1xx_HAL_Driver/Inc -I../Drivers/CMSIS/Device/ST/STM32F1xx/Include -I../Drivers/CMSIS/Include -O0 -ffunction-sections -fdata-sections -Wall -fstack-usage -fcyclomatic-complexity -MMD -MP -MF"Core/Src/stm32f1xx_it.d" -MT"Core/Src/stm32f1xx_it.o" --specs=nano.specs -mfloat-abi=soft -mthumb -o "Core/Src/stm32f1xx_it.o"
arm-none-eabi-gcc "../Core/Src/syscalls.c" -mcpu=cortex-m3 -std=gnu11 -g3 -DDEBUG -DUSE_HAL_DRIVER -DSTM32F103xB -c -I../Core/Inc -I"C:/Users/e0162112/STM32CubeIDE/workspace_1.13.0/ARM-FreeRTOS/Drivers/Third Party/FreeRTOS/portable/GCC/ARM_CM3" -I"C:/Users/e0162112/STM32CubeIDE/workspace_1.13.0/ARM-FreeRTOS/Drivers/Third Party/FreeRTOS/portable/MemMang" -I"C:/Users/e0162112/STM32CubeIDE/workspace_1.13.0/ARM-FreeRTOS/Drivers/Third Party/FreeRTOS/include" -I../Drivers/STM32F1xx_HAL_Driver/Inc/Legacy -I../Drivers/STM32F1xx_HAL_Driver/Inc -I../Drivers/CMSIS/Device/ST/STM32F1xx/Include -I../Drivers/CMSIS/Include -O0 -ffunction-sections -fdata-sections -Wall -fstack-usage -fcyclomatic-complexity -MMD -MP -MF"Core/Src/syscalls.d" -MT"Core/Src/syscalls.o" --specs=nano.specs -mfloat-abi=soft -mthumb -o "Core/Src/syscalls.o"
arm-none-eabi-gcc "../Core/Src/system_stm32f1xx.c" -mcpu=cortex-m3 -std=gnu11 -g3 -DDEBUG -DUSE_HAL_DRIVER -DSTM32F103xB -c -I../Core/Inc -I"C:/Users/e0162112/STM32CubeIDE/workspace_1.13.0/ARM-FreeRTOS/Drivers/Third Party/FreeRTOS/portable/GCC/ARM_CM3" -I"C:/Users/e0162112/STM32CubeIDE/workspace_1.13.0/ARM-FreeRTOS/Drivers/Third Party/FreeRTOS/portable/MemMang" -I"C:/Users/e0162112/STM32CubeIDE/workspace_1.13.0/ARM-FreeRTOS/Drivers/Third Party/FreeRTOS/include" -I../Drivers/STM32F1xx_HAL_Driver/Inc/Legacy -I../Drivers/STM32F1xx_HAL_Driver/Inc -I../Drivers/CMSIS/Device/ST/STM32F1xx/Include -I../Drivers/CMSIS/Include -O0 -ffunction-sections -fdata-sections -Wall -fstack-usage -fcyclomatic-complexity -MMD -MP -MF"Core/Src/system_stm32f1xx.d" -MT"Core/Src/system_stm32f1xx.o" --specs=nano.specs -mfloat-abi=soft -mthumb -o "Core/Src/system_stm32f1xx.o"
arm-none-eabi-gcc -o "ARM-FreeRTOS.elf" @"objects.list"   -mcpu=cortex-m3 -T"C:\Users\e0162112\STM32CubeIDE\workspace_1.13.0\ARM-FreeRTOS\STM32F103C8TX_FLASH.ld" --specs=nosys.specs -Wl,-Map="ARM-FreeRTOS.map" -Wl,--gc-sections -static --specs=nano.specs -mfloat-abi=soft -mthumb -Wl,--start-group -lc -lm -Wl,--end-group
Finished building target: ARM-FreeRTOS.elf
 
arm-none-eabi-size   ARM-FreeRTOS.elf 
arm-none-eabi-objdump -h -S  ARM-FreeRTOS.elf  > "ARM-FreeRTOS.list"
   text	   data	    bss	    dec	    hex	filename
   3616	     20	   1572	   5208	   1458	ARM-FreeRTOS.elf
Finished building: default.size.stdout
 
Finished building: ARM-FreeRTOS.list
 
18:28:04 **** Incremental Build of configuration Debug for project ARM-FreeRTOS ****
make -j8 all 
arm-none-eabi-gcc "../Drivers/Third Party/FreeRTOS/portable/MemMang/heap_4.c" -mcpu=cortex-m3 -std=gnu11 -g3 -DDEBUG -DUSE_HAL_DRIVER -DSTM32F103xB -c -I../Core/Inc -I"C:/Users/e0162112/STM32CubeIDE/workspace_1.13.0/ARM-FreeRTOS/Drivers/Third Party/FreeRTOS/portable/GCC/ARM_CM3" -I"C:/Users/e0162112/STM32CubeIDE/workspace_1.13.0/ARM-FreeRTOS/Drivers/Third Party/FreeRTOS/portable/MemMang" -I"C:/Users/e0162112/STM32CubeIDE/workspace_1.13.0/ARM-FreeRTOS/Drivers/Third Party/FreeRTOS/include" -I../Drivers/STM32F1xx_HAL_Driver/Inc/Legacy -I../Drivers/STM32F1xx_HAL_Driver/Inc -I../Drivers/CMSIS/Device/ST/STM32F1xx/Include -I../Drivers/CMSIS/Include -O0 -ffunction-sections -fdata-sections -Wall -fstack-usage -fcyclomatic-complexity -MMD -MP -MF"Drivers/Third Party/FreeRTOS/portable/MemMang/heap_4.d" -MT"Drivers/Third Party/FreeRTOS/portable/MemMang/heap_4.o" --specs=nano.specs -mfloat-abi=soft -mthumb -o "Drivers/Third Party/FreeRTOS/portable/MemMang/heap_4.o"
arm-none-eabi-gcc "../Drivers/Third Party/FreeRTOS/portable/GCC/ARM_CM3/port.c" -mcpu=cortex-m3 -std=gnu11 -g3 -DDEBUG -DUSE_HAL_DRIVER -DSTM32F103xB -c -I../Core/Inc -I"C:/Users/e0162112/STM32CubeIDE/workspace_1.13.0/ARM-FreeRTOS/Drivers/Third Party/FreeRTOS/portable/GCC/ARM_CM3" -I"C:/Users/e0162112/STM32CubeIDE/workspace_1.13.0/ARM-FreeRTOS/Drivers/Third Party/FreeRTOS/portable/MemMang" -I"C:/Users/e0162112/STM32CubeIDE/workspace_1.13.0/ARM-FreeRTOS/Drivers/Third Party/FreeRTOS/include" -I../Drivers/STM32F1xx_HAL_Driver/Inc/Legacy -I../Drivers/STM32F1xx_HAL_Driver/Inc -I../Drivers/CMSIS/Device/ST/STM32F1xx/Include -I../Drivers/CMSIS/Include -O0 -ffunction-sections -fdata-sections -Wall -fstack-usage -fcyclomatic-complexity -MMD -MP -MF"Drivers/Third Party/FreeRTOS/portable/GCC/ARM_CM3/port.d" -MT"Drivers/Third Party/FreeRTOS/portable/GCC/ARM_CM3/port.o" --specs=nano.specs -mfloat-abi=soft -mthumb -o "Drivers/Third Party/FreeRTOS/portable/GCC/ARM_CM3/port.o"
arm-none-eabi-gcc "../Drivers/Third Party/FreeRTOS/croutine.c" -mcpu=cortex-m3 -std=gnu11 -g3 -DDEBUG -DUSE_HAL_DRIVER -DSTM32F103xB -c -I../Core/Inc -I"C:/Users/e0162112/STM32CubeIDE/workspace_1.13.0/ARM-FreeRTOS/Drivers/Third Party/FreeRTOS/portable/GCC/ARM_CM3" -I"C:/Users/e0162112/STM32CubeIDE/workspace_1.13.0/ARM-FreeRTOS/Drivers/Third Party/FreeRTOS/portable/MemMang" -I"C:/Users/e0162112/STM32CubeIDE/workspace_1.13.0/ARM-FreeRTOS/Drivers/Third Party/FreeRTOS/include" -I../Drivers/STM32F1xx_HAL_Driver/Inc/Legacy -I../Drivers/STM32F1xx_HAL_Driver/Inc -I../Drivers/CMSIS/Device/ST/STM32F1xx/Include -I../Drivers/CMSIS/Include -O0 -ffunction-sections -fdata-sections -Wall -fstack-usage -fcyclomatic-complexity -MMD -MP -MF"Drivers/Third Party/FreeRTOS/croutine.d" -MT"Drivers/Third Party/FreeRTOS/croutine.o" --specs=nano.specs -mfloat-abi=soft -mthumb -o "Drivers/Third Party/FreeRTOS/croutine.o"
arm-none-eabi-gcc "../Drivers/Third Party/FreeRTOS/event_groups.c" -mcpu=cortex-m3 -std=gnu11 -g3 -DDEBUG -DUSE_HAL_DRIVER -DSTM32F103xB -c -I../Core/Inc -I"C:/Users/e0162112/STM32CubeIDE/workspace_1.13.0/ARM-FreeRTOS/Drivers/Third Party/FreeRTOS/portable/GCC/ARM_CM3" -I"C:/Users/e0162112/STM32CubeIDE/workspace_1.13.0/ARM-FreeRTOS/Drivers/Third Party/FreeRTOS/portable/MemMang" -I"C:/Users/e0162112/STM32CubeIDE/workspace_1.13.0/ARM-FreeRTOS/Drivers/Third Party/FreeRTOS/include" -I../Drivers/STM32F1xx_HAL_Driver/Inc/Legacy -I../Drivers/STM32F1xx_HAL_Driver/Inc -I../Drivers/CMSIS/Device/ST/STM32F1xx/Include -I../Drivers/CMSIS/Include -O0 -ffunction-sections -fdata-sections -Wall -fstack-usage -fcyclomatic-complexity -MMD -MP -MF"Drivers/Third Party/FreeRTOS/event_groups.d" -MT"Drivers/Third Party/FreeRTOS/event_groups.o" --specs=nano.specs -mfloat-abi=soft -mthumb -o "Drivers/Third Party/FreeRTOS/event_groups.o"
arm-none-eabi-gcc "../Drivers/Third Party/FreeRTOS/list.c" -mcpu=cortex-m3 -std=gnu11 -g3 -DDEBUG -DUSE_HAL_DRIVER -DSTM32F103xB -c -I../Core/Inc -I"C:/Users/e0162112/STM32CubeIDE/workspace_1.13.0/ARM-FreeRTOS/Drivers/Third Party/FreeRTOS/portable/GCC/ARM_CM3" -I"C:/Users/e0162112/STM32CubeIDE/workspace_1.13.0/ARM-FreeRTOS/Drivers/Third Party/FreeRTOS/portable/MemMang" -I"C:/Users/e0162112/STM32CubeIDE/workspace_1.13.0/ARM-FreeRTOS/Drivers/Third Party/FreeRTOS/include" -I../Drivers/STM32F1xx_HAL_Driver/Inc/Legacy -I../Drivers/STM32F1xx_HAL_Driver/Inc -I../Drivers/CMSIS/Device/ST/STM32F1xx/Include -I../Drivers/CMSIS/Include -O0 -ffunction-sections -fdata-sections -Wall -fstack-usage -fcyclomatic-complexity -MMD -MP -MF"Drivers/Third Party/FreeRTOS/list.d" -MT"Drivers/Third Party/FreeRTOS/list.o" --specs=nano.specs -mfloat-abi=soft -mthumb -o "Drivers/Third Party/FreeRTOS/list.o"
arm-none-eabi-gcc "../Drivers/Third Party/FreeRTOS/queue.c" -mcpu=cortex-m3 -std=gnu11 -g3 -DDEBUG -DUSE_HAL_DRIVER -DSTM32F103xB -c -I../Core/Inc -I"C:/Users/e0162112/STM32CubeIDE/workspace_1.13.0/ARM-FreeRTOS/Drivers/Third Party/FreeRTOS/portable/GCC/ARM_CM3" -I"C:/Users/e0162112/STM32CubeIDE/workspace_1.13.0/ARM-FreeRTOS/Drivers/Third Party/FreeRTOS/portable/MemMang" -I"C:/Users/e0162112/STM32CubeIDE/workspace_1.13.0/ARM-FreeRTOS/Drivers/Third Party/FreeRTOS/include" -I../Drivers/STM32F1xx_HAL_Driver/Inc/Legacy -I../Drivers/STM32F1xx_HAL_Driver/Inc -I../Drivers/CMSIS/Device/ST/STM32F1xx/Include -I../Drivers/CMSIS/Include -O0 -ffunction-sections -fdata-sections -Wall -fstack-usage -fcyclomatic-complexity -MMD -MP -MF"Drivers/Third Party/FreeRTOS/queue.d" -MT"Drivers/Third Party/FreeRTOS/queue.o" --specs=nano.specs -mfloat-abi=soft -mthumb -o "Drivers/Third Party/FreeRTOS/queue.o"
arm-none-eabi-gcc "../Drivers/Third Party/FreeRTOS/stream_buffer.c" -mcpu=cortex-m3 -std=gnu11 -g3 -DDEBUG -DUSE_HAL_DRIVER -DSTM32F103xB -c -I../Core/Inc -I"C:/Users/e0162112/STM32CubeIDE/workspace_1.13.0/ARM-FreeRTOS/Drivers/Third Party/FreeRTOS/portable/GCC/ARM_CM3" -I"C:/Users/e0162112/STM32CubeIDE/workspace_1.13.0/ARM-FreeRTOS/Drivers/Third Party/FreeRTOS/portable/MemMang" -I"C:/Users/e0162112/STM32CubeIDE/workspace_1.13.0/ARM-FreeRTOS/Drivers/Third Party/FreeRTOS/include" -I../Drivers/STM32F1xx_HAL_Driver/Inc/Legacy -I../Drivers/STM32F1xx_HAL_Driver/Inc -I../Drivers/CMSIS/Device/ST/STM32F1xx/Include -I../Drivers/CMSIS/Include -O0 -ffunction-sections -fdata-sections -Wall -fstack-usage -fcyclomatic-complexity -MMD -MP -MF"Drivers/Third Party/FreeRTOS/stream_buffer.d" -MT"Drivers/Third Party/FreeRTOS/stream_buffer.o" --specs=nano.specs -mfloat-abi=soft -mthumb -o "Drivers/Third Party/FreeRTOS/stream_buffer.o"
arm-none-eabi-gcc "../Drivers/Third Party/FreeRTOS/tasks.c" -mcpu=cortex-m3 -std=gnu11 -g3 -DDEBUG -DUSE_HAL_DRIVER -DSTM32F103xB -c -I../Core/Inc -I"C:/Users/e0162112/STM32CubeIDE/workspace_1.13.0/ARM-FreeRTOS/Drivers/Third Party/FreeRTOS/portable/GCC/ARM_CM3" -I"C:/Users/e0162112/STM32CubeIDE/workspace_1.13.0/ARM-FreeRTOS/Drivers/Third Party/FreeRTOS/portable/MemMang" -I"C:/Users/e0162112/STM32CubeIDE/workspace_1.13.0/ARM-FreeRTOS/Drivers/Third Party/FreeRTOS/include" -I../Drivers/STM32F1xx_HAL_Driver/Inc/Legacy -I../Drivers/STM32F1xx_HAL_Driver/Inc -I../Drivers/CMSIS/Device/ST/STM32F1xx/Include -I../Drivers/CMSIS/Include -O0 -ffunction-sections -fdata-sections -Wall -fstack-usage -fcyclomatic-complexity -MMD -MP -MF"Drivers/Third Party/FreeRTOS/tasks.d" -MT"Drivers/Third Party/FreeRTOS/tasks.o" --specs=nano.specs -mfloat-abi=soft -mthumb -o "Drivers/Third Party/FreeRTOS/tasks.o"
arm-none-eabi-gcc "../Drivers/Third Party/FreeRTOS/timers.c" -mcpu=cortex-m3 -std=gnu11 -g3 -DDEBUG -DUSE_HAL_DRIVER -DSTM32F103xB -c -I../Core/Inc -I"C:/Users/e0162112/STM32CubeIDE/workspace_1.13.0/ARM-FreeRTOS/Drivers/Third Party/FreeRTOS/portable/GCC/ARM_CM3" -I"C:/Users/e0162112/STM32CubeIDE/workspace_1.13.0/ARM-FreeRTOS/Drivers/Third Party/FreeRTOS/portable/MemMang" -I"C:/Users/e0162112/STM32CubeIDE/workspace_1.13.0/ARM-FreeRTOS/Drivers/Third Party/FreeRTOS/include" -I../Drivers/STM32F1xx_HAL_Driver/Inc/Legacy -I../Drivers/STM32F1xx_HAL_Driver/Inc -I../Drivers/CMSIS/Device/ST/STM32F1xx/Include -I../Drivers/CMSIS/Include -O0 -ffunction-sections -fdata-sections -Wall -fstack-usage -fcyclomatic-complexity -MMD -MP -MF"Drivers/Third Party/FreeRTOS/timers.d" -MT"Drivers/Third Party/FreeRTOS/timers.o" --specs=nano.specs -mfloat-abi=soft -mthumb -o "Drivers/Third Party/FreeRTOS/timers.o"
arm-none-eabi-gcc "../Core/Src/stm32f1xx_it.c" -mcpu=cortex-m3 -std=gnu11 -g3 -DDEBUG -DUSE_HAL_DRIVER -DSTM32F103xB -c -I../Core/Inc -I"C:/Users/e0162112/STM32CubeIDE/workspace_1.13.0/ARM-FreeRTOS/Drivers/Third Party/FreeRTOS/portable/GCC/ARM_CM3" -I"C:/Users/e0162112/STM32CubeIDE/workspace_1.13.0/ARM-FreeRTOS/Drivers/Third Party/FreeRTOS/portable/MemMang" -I"C:/Users/e0162112/STM32CubeIDE/workspace_1.13.0/ARM-FreeRTOS/Drivers/Third Party/FreeRTOS/include" -I../Drivers/STM32F1xx_HAL_Driver/Inc/Legacy -I../Drivers/STM32F1xx_HAL_Driver/Inc -I../Drivers/CMSIS/Device/ST/STM32F1xx/Include -I../Drivers/CMSIS/Include -O0 -ffunction-sections -fdata-sections -Wall -fstack-usage -fcyclomatic-complexity -MMD -MP -MF"Core/Src/stm32f1xx_it.d" -MT"Core/Src/stm32f1xx_it.o" --specs=nano.specs -mfloat-abi=soft -mthumb -o "Core/Src/stm32f1xx_it.o"
arm-none-eabi-gcc -o "ARM-FreeRTOS.elf" @"objects.list"   -mcpu=cortex-m3 -T"C:\Users\e0162112\STM32CubeIDE\workspace_1.13.0\ARM-FreeRTOS\STM32F103C8TX_FLASH.ld" --specs=nosys.specs -Wl,-Map="ARM-FreeRTOS.map" -Wl,--gc-sections -static --specs=nano.specs -mfloat-abi=soft -mthumb -Wl,--start-group -lc -lm -Wl,--end-group
Finished building target: ARM-FreeRTOS.elf
 
arm-none-eabi-size   ARM-FreeRTOS.elf 
arm-none-eabi-objdump -h -S  ARM-FreeRTOS.elf  > "ARM-FreeRTOS.list"
   text	   data	    bss	    dec	    hex	filename
   3544	     20	   1572	   5136	   1410	ARM-FreeRTOS.elf
Finished building: default.size.stdout
 
Finished building: ARM-FreeRTOS.list
 
18:28:34 **** Incremental Build of configuration Debug for project ARM-FreeRTOS ****
make -j8 all 
arm-none-eabi-gcc "../Drivers/Third Party/FreeRTOS/portable/MemMang/heap_4.c" -mcpu=cortex-m3 -std=gnu11 -g3 -DDEBUG -DUSE_HAL_DRIVER -DSTM32F103xB -c -I../Core/Inc -I"C:/Users/e0162112/STM32CubeIDE/workspace_1.13.0/ARM-FreeRTOS/Drivers/Third Party/FreeRTOS/portable/GCC/ARM_CM3" -I"C:/Users/e0162112/STM32CubeIDE/workspace_1.13.0/ARM-FreeRTOS/Drivers/Third Party/FreeRTOS/portable/MemMang" -I"C:/Users/e0162112/STM32CubeIDE/workspace_1.13.0/ARM-FreeRTOS/Drivers/Third Party/FreeRTOS/include" -I../Drivers/STM32F1xx_HAL_Driver/Inc/Legacy -I../Drivers/STM32F1xx_HAL_Driver/Inc -I../Drivers/CMSIS/Device/ST/STM32F1xx/Include -I../Drivers/CMSIS/Include -O0 -ffunction-sections -fdata-sections -Wall -fstack-usage -fcyclomatic-complexity -MMD -MP -MF"Drivers/Third Party/FreeRTOS/portable/MemMang/heap_4.d" -MT"Drivers/Third Party/FreeRTOS/portable/MemMang/heap_4.o" --specs=nano.specs -mfloat-abi=soft -mthumb -o "Drivers/Third Party/FreeRTOS/portable/MemMang/heap_4.o"
arm-none-eabi-gcc "../Drivers/Third Party/FreeRTOS/portable/GCC/ARM_CM3/port.c" -mcpu=cortex-m3 -std=gnu11 -g3 -DDEBUG -DUSE_HAL_DRIVER -DSTM32F103xB -c -I../Core/Inc -I"C:/Users/e0162112/STM32CubeIDE/workspace_1.13.0/ARM-FreeRTOS/Drivers/Third Party/FreeRTOS/portable/GCC/ARM_CM3" -I"C:/Users/e0162112/STM32CubeIDE/workspace_1.13.0/ARM-FreeRTOS/Drivers/Third Party/FreeRTOS/portable/MemMang" -I"C:/Users/e0162112/STM32CubeIDE/workspace_1.13.0/ARM-FreeRTOS/Drivers/Third Party/FreeRTOS/include" -I../Drivers/STM32F1xx_HAL_Driver/Inc/Legacy -I../Drivers/STM32F1xx_HAL_Driver/Inc -I../Drivers/CMSIS/Device/ST/STM32F1xx/Include -I../Drivers/CMSIS/Include -O0 -ffunction-sections -fdata-sections -Wall -fstack-usage -fcyclomatic-complexity -MMD -MP -MF"Drivers/Third Party/FreeRTOS/portable/GCC/ARM_CM3/port.d" -MT"Drivers/Third Party/FreeRTOS/portable/GCC/ARM_CM3/port.o" --specs=nano.specs -mfloat-abi=soft -mthumb -o "Drivers/Third Party/FreeRTOS/portable/GCC/ARM_CM3/port.o"
arm-none-eabi-gcc "../Drivers/Third Party/FreeRTOS/croutine.c" -mcpu=cortex-m3 -std=gnu11 -g3 -DDEBUG -DUSE_HAL_DRIVER -DSTM32F103xB -c -I../Core/Inc -I"C:/Users/e0162112/STM32CubeIDE/workspace_1.13.0/ARM-FreeRTOS/Drivers/Third Party/FreeRTOS/portable/GCC/ARM_CM3" -I"C:/Users/e0162112/STM32CubeIDE/workspace_1.13.0/ARM-FreeRTOS/Drivers/Third Party/FreeRTOS/portable/MemMang" -I"C:/Users/e0162112/STM32CubeIDE/workspace_1.13.0/ARM-FreeRTOS/Drivers/Third Party/FreeRTOS/include" -I../Drivers/STM32F1xx_HAL_Driver/Inc/Legacy -I../Drivers/STM32F1xx_HAL_Driver/Inc -I../Drivers/CMSIS/Device/ST/STM32F1xx/Include -I../Drivers/CMSIS/Include -O0 -ffunction-sections -fdata-sections -Wall -fstack-usage -fcyclomatic-complexity -MMD -MP -MF"Drivers/Third Party/FreeRTOS/croutine.d" -MT"Drivers/Third Party/FreeRTOS/croutine.o" --specs=nano.specs -mfloat-abi=soft -mthumb -o "Drivers/Third Party/FreeRTOS/croutine.o"
arm-none-eabi-gcc "../Drivers/Third Party/FreeRTOS/event_groups.c" -mcpu=cortex-m3 -std=gnu11 -g3 -DDEBUG -DUSE_HAL_DRIVER -DSTM32F103xB -c -I../Core/Inc -I"C:/Users/e0162112/STM32CubeIDE/workspace_1.13.0/ARM-FreeRTOS/Drivers/Third Party/FreeRTOS/portable/GCC/ARM_CM3" -I"C:/Users/e0162112/STM32CubeIDE/workspace_1.13.0/ARM-FreeRTOS/Drivers/Third Party/FreeRTOS/portable/MemMang" -I"C:/Users/e0162112/STM32CubeIDE/workspace_1.13.0/ARM-FreeRTOS/Drivers/Third Party/FreeRTOS/include" -I../Drivers/STM32F1xx_HAL_Driver/Inc/Legacy -I../Drivers/STM32F1xx_HAL_Driver/Inc -I../Drivers/CMSIS/Device/ST/STM32F1xx/Include -I../Drivers/CMSIS/Include -O0 -ffunction-sections -fdata-sections -Wall -fstack-usage -fcyclomatic-complexity -MMD -MP -MF"Drivers/Third Party/FreeRTOS/event_groups.d" -MT"Drivers/Third Party/FreeRTOS/event_groups.o" --specs=nano.specs -mfloat-abi=soft -mthumb -o "Drivers/Third Party/FreeRTOS/event_groups.o"
arm-none-eabi-gcc "../Drivers/Third Party/FreeRTOS/list.c" -mcpu=cortex-m3 -std=gnu11 -g3 -DDEBUG -DUSE_HAL_DRIVER -DSTM32F103xB -c -I../Core/Inc -I"C:/Users/e0162112/STM32CubeIDE/workspace_1.13.0/ARM-FreeRTOS/Drivers/Third Party/FreeRTOS/portable/GCC/ARM_CM3" -I"C:/Users/e0162112/STM32CubeIDE/workspace_1.13.0/ARM-FreeRTOS/Drivers/Third Party/FreeRTOS/portable/MemMang" -I"C:/Users/e0162112/STM32CubeIDE/workspace_1.13.0/ARM-FreeRTOS/Drivers/Third Party/FreeRTOS/include" -I../Drivers/STM32F1xx_HAL_Driver/Inc/Legacy -I../Drivers/STM32F1xx_HAL_Driver/Inc -I../Drivers/CMSIS/Device/ST/STM32F1xx/Include -I../Drivers/CMSIS/Include -O0 -ffunction-sections -fdata-sections -Wall -fstack-usage -fcyclomatic-complexity -MMD -MP -MF"Drivers/Third Party/FreeRTOS/list.d" -MT"Drivers/Third Party/FreeRTOS/list.o" --specs=nano.specs -mfloat-abi=soft -mthumb -o "Drivers/Third Party/FreeRTOS/list.o"
arm-none-eabi-gcc "../Drivers/Third Party/FreeRTOS/queue.c" -mcpu=cortex-m3 -std=gnu11 -g3 -DDEBUG -DUSE_HAL_DRIVER -DSTM32F103xB -c -I../Core/Inc -I"C:/Users/e0162112/STM32CubeIDE/workspace_1.13.0/ARM-FreeRTOS/Drivers/Third Party/FreeRTOS/portable/GCC/ARM_CM3" -I"C:/Users/e0162112/STM32CubeIDE/workspace_1.13.0/ARM-FreeRTOS/Drivers/Third Party/FreeRTOS/portable/MemMang" -I"C:/Users/e0162112/STM32CubeIDE/workspace_1.13.0/ARM-FreeRTOS/Drivers/Third Party/FreeRTOS/include" -I../Drivers/STM32F1xx_HAL_Driver/Inc/Legacy -I../Drivers/STM32F1xx_HAL_Driver/Inc -I../Drivers/CMSIS/Device/ST/STM32F1xx/Include -I../Drivers/CMSIS/Include -O0 -ffunction-sections -fdata-sections -Wall -fstack-usage -fcyclomatic-complexity -MMD -MP -MF"Drivers/Third Party/FreeRTOS/queue.d" -MT"Drivers/Third Party/FreeRTOS/queue.o" --specs=nano.specs -mfloat-abi=soft -mthumb -o "Drivers/Third Party/FreeRTOS/queue.o"
arm-none-eabi-gcc "../Drivers/Third Party/FreeRTOS/stream_buffer.c" -mcpu=cortex-m3 -std=gnu11 -g3 -DDEBUG -DUSE_HAL_DRIVER -DSTM32F103xB -c -I../Core/Inc -I"C:/Users/e0162112/STM32CubeIDE/workspace_1.13.0/ARM-FreeRTOS/Drivers/Third Party/FreeRTOS/portable/GCC/ARM_CM3" -I"C:/Users/e0162112/STM32CubeIDE/workspace_1.13.0/ARM-FreeRTOS/Drivers/Third Party/FreeRTOS/portable/MemMang" -I"C:/Users/e0162112/STM32CubeIDE/workspace_1.13.0/ARM-FreeRTOS/Drivers/Third Party/FreeRTOS/include" -I../Drivers/STM32F1xx_HAL_Driver/Inc/Legacy -I../Drivers/STM32F1xx_HAL_Driver/Inc -I../Drivers/CMSIS/Device/ST/STM32F1xx/Include -I../Drivers/CMSIS/Include -O0 -ffunction-sections -fdata-sections -Wall -fstack-usage -fcyclomatic-complexity -MMD -MP -MF"Drivers/Third Party/FreeRTOS/stream_buffer.d" -MT"Drivers/Third Party/FreeRTOS/stream_buffer.o" --specs=nano.specs -mfloat-abi=soft -mthumb -o "Drivers/Third Party/FreeRTOS/stream_buffer.o"
arm-none-eabi-gcc "../Drivers/Third Party/FreeRTOS/tasks.c" -mcpu=cortex-m3 -std=gnu11 -g3 -DDEBUG -DUSE_HAL_DRIVER -DSTM32F103xB -c -I../Core/Inc -I"C:/Users/e0162112/STM32CubeIDE/workspace_1.13.0/ARM-FreeRTOS/Drivers/Third Party/FreeRTOS/portable/GCC/ARM_CM3" -I"C:/Users/e0162112/STM32CubeIDE/workspace_1.13.0/ARM-FreeRTOS/Drivers/Third Party/FreeRTOS/portable/MemMang" -I"C:/Users/e0162112/STM32CubeIDE/workspace_1.13.0/ARM-FreeRTOS/Drivers/Third Party/FreeRTOS/include" -I../Drivers/STM32F1xx_HAL_Driver/Inc/Legacy -I../Drivers/STM32F1xx_HAL_Driver/Inc -I../Drivers/CMSIS/Device/ST/STM32F1xx/Include -I../Drivers/CMSIS/Include -O0 -ffunction-sections -fdata-sections -Wall -fstack-usage -fcyclomatic-complexity -MMD -MP -MF"Drivers/Third Party/FreeRTOS/tasks.d" -MT"Drivers/Third Party/FreeRTOS/tasks.o" --specs=nano.specs -mfloat-abi=soft -mthumb -o "Drivers/Third Party/FreeRTOS/tasks.o"
arm-none-eabi-gcc "../Drivers/Third Party/FreeRTOS/timers.c" -mcpu=cortex-m3 -std=gnu11 -g3 -DDEBUG -DUSE_HAL_DRIVER -DSTM32F103xB -c -I../Core/Inc -I"C:/Users/e0162112/STM32CubeIDE/workspace_1.13.0/ARM-FreeRTOS/Drivers/Third Party/FreeRTOS/portable/GCC/ARM_CM3" -I"C:/Users/e0162112/STM32CubeIDE/workspace_1.13.0/ARM-FreeRTOS/Drivers/Third Party/FreeRTOS/portable/MemMang" -I"C:/Users/e0162112/STM32CubeIDE/workspace_1.13.0/ARM-FreeRTOS/Drivers/Third Party/FreeRTOS/include" -I../Drivers/STM32F1xx_HAL_Driver/Inc/Legacy -I../Drivers/STM32F1xx_HAL_Driver/Inc -I../Drivers/CMSIS/Device/ST/STM32F1xx/Include -I../Drivers/CMSIS/Include -O0 -ffunction-sections -fdata-sections -Wall -fstack-usage -fcyclomatic-complexity -MMD -MP -MF"Drivers/Third Party/FreeRTOS/timers.d" -MT"Drivers/Third Party/FreeRTOS/timers.o" --specs=nano.specs -mfloat-abi=soft -mthumb -o "Drivers/Third Party/FreeRTOS/timers.o"
arm-none-eabi-gcc -o "ARM-FreeRTOS.elf" @"objects.list"   -mcpu=cortex-m3 -T"C:\Users\e0162112\STM32CubeIDE\workspace_1.13.0\ARM-FreeRTOS\STM32F103C8TX_FLASH.ld" --specs=nosys.specs -Wl,-Map="ARM-FreeRTOS.map" -Wl,--gc-sections -static --specs=nano.specs -mfloat-abi=soft -mthumb -Wl,--start-group -lc -lm -Wl,--end-group
Finished building target: ARM-FreeRTOS.elf
 
arm-none-eabi-size   ARM-FreeRTOS.elf 
arm-none-eabi-objdump -h -S  ARM-FreeRTOS.elf  > "ARM-FreeRTOS.list"
   text	   data	    bss	    dec	    hex	filename
   3544	     20	   1572	   5136	   1410	ARM-FreeRTOS.elf
Finished building: default.size.stdout
 
Finished building: ARM-FreeRTOS.list
 
18:28:38 **** Incremental Build of configuration Debug for project ARM-FreeRTOS ****
make -j8 all 
arm-none-eabi-gcc "../Drivers/Third Party/FreeRTOS/portable/MemMang/heap_4.c" -mcpu=cortex-m3 -std=gnu11 -g3 -DDEBUG -DUSE_HAL_DRIVER -DSTM32F103xB -c -I../Core/Inc -I"C:/Users/e0162112/STM32CubeIDE/workspace_1.13.0/ARM-FreeRTOS/Drivers/Third Party/FreeRTOS/portable/GCC/ARM_CM3" -I"C:/Users/e0162112/STM32CubeIDE/workspace_1.13.0/ARM-FreeRTOS/Drivers/Third Party/FreeRTOS/portable/MemMang" -I"C:/Users/e0162112/STM32CubeIDE/workspace_1.13.0/ARM-FreeRTOS/Drivers/Third Party/FreeRTOS/include" -I../Drivers/STM32F1xx_HAL_Driver/Inc/Legacy -I../Drivers/STM32F1xx_HAL_Driver/Inc -I../Drivers/CMSIS/Device/ST/STM32F1xx/Include -I../Drivers/CMSIS/Include -O0 -ffunction-sections -fdata-sections -Wall -fstack-usage -fcyclomatic-complexity -MMD -MP -MF"Drivers/Third Party/FreeRTOS/portable/MemMang/heap_4.d" -MT"Drivers/Third Party/FreeRTOS/portable/MemMang/heap_4.o" --specs=nano.specs -mfloat-abi=soft -mthumb -o "Drivers/Third Party/FreeRTOS/portable/MemMang/heap_4.o"
arm-none-eabi-gcc "../Drivers/Third Party/FreeRTOS/portable/GCC/ARM_CM3/port.c" -mcpu=cortex-m3 -std=gnu11 -g3 -DDEBUG -DUSE_HAL_DRIVER -DSTM32F103xB -c -I../Core/Inc -I"C:/Users/e0162112/STM32CubeIDE/workspace_1.13.0/ARM-FreeRTOS/Drivers/Third Party/FreeRTOS/portable/GCC/ARM_CM3" -I"C:/Users/e0162112/STM32CubeIDE/workspace_1.13.0/ARM-FreeRTOS/Drivers/Third Party/FreeRTOS/portable/MemMang" -I"C:/Users/e0162112/STM32CubeIDE/workspace_1.13.0/ARM-FreeRTOS/Drivers/Third Party/FreeRTOS/include" -I../Drivers/STM32F1xx_HAL_Driver/Inc/Legacy -I../Drivers/STM32F1xx_HAL_Driver/Inc -I../Drivers/CMSIS/Device/ST/STM32F1xx/Include -I../Drivers/CMSIS/Include -O0 -ffunction-sections -fdata-sections -Wall -fstack-usage -fcyclomatic-complexity -MMD -MP -MF"Drivers/Third Party/FreeRTOS/portable/GCC/ARM_CM3/port.d" -MT"Drivers/Third Party/FreeRTOS/portable/GCC/ARM_CM3/port.o" --specs=nano.specs -mfloat-abi=soft -mthumb -o "Drivers/Third Party/FreeRTOS/portable/GCC/ARM_CM3/port.o"
arm-none-eabi-gcc "../Drivers/Third Party/FreeRTOS/croutine.c" -mcpu=cortex-m3 -std=gnu11 -g3 -DDEBUG -DUSE_HAL_DRIVER -DSTM32F103xB -c -I../Core/Inc -I"C:/Users/e0162112/STM32CubeIDE/workspace_1.13.0/ARM-FreeRTOS/Drivers/Third Party/FreeRTOS/portable/GCC/ARM_CM3" -I"C:/Users/e0162112/STM32CubeIDE/workspace_1.13.0/ARM-FreeRTOS/Drivers/Third Party/FreeRTOS/portable/MemMang" -I"C:/Users/e0162112/STM32CubeIDE/workspace_1.13.0/ARM-FreeRTOS/Drivers/Third Party/FreeRTOS/include" -I../Drivers/STM32F1xx_HAL_Driver/Inc/Legacy -I../Drivers/STM32F1xx_HAL_Driver/Inc -I../Drivers/CMSIS/Device/ST/STM32F1xx/Include -I../Drivers/CMSIS/Include -O0 -ffunction-sections -fdata-sections -Wall -fstack-usage -fcyclomatic-complexity -MMD -MP -MF"Drivers/Third Party/FreeRTOS/croutine.d" -MT"Drivers/Third Party/FreeRTOS/croutine.o" --specs=nano.specs -mfloat-abi=soft -mthumb -o "Drivers/Third Party/FreeRTOS/croutine.o"
arm-none-eabi-gcc "../Drivers/Third Party/FreeRTOS/event_groups.c" -mcpu=cortex-m3 -std=gnu11 -g3 -DDEBUG -DUSE_HAL_DRIVER -DSTM32F103xB -c -I../Core/Inc -I"C:/Users/e0162112/STM32CubeIDE/workspace_1.13.0/ARM-FreeRTOS/Drivers/Third Party/FreeRTOS/portable/GCC/ARM_CM3" -I"C:/Users/e0162112/STM32CubeIDE/workspace_1.13.0/ARM-FreeRTOS/Drivers/Third Party/FreeRTOS/portable/MemMang" -I"C:/Users/e0162112/STM32CubeIDE/workspace_1.13.0/ARM-FreeRTOS/Drivers/Third Party/FreeRTOS/include" -I../Drivers/STM32F1xx_HAL_Driver/Inc/Legacy -I../Drivers/STM32F1xx_HAL_Driver/Inc -I../Drivers/CMSIS/Device/ST/STM32F1xx/Include -I../Drivers/CMSIS/Include -O0 -ffunction-sections -fdata-sections -Wall -fstack-usage -fcyclomatic-complexity -MMD -MP -MF"Drivers/Third Party/FreeRTOS/event_groups.d" -MT"Drivers/Third Party/FreeRTOS/event_groups.o" --specs=nano.specs -mfloat-abi=soft -mthumb -o "Drivers/Third Party/FreeRTOS/event_groups.o"
arm-none-eabi-gcc "../Drivers/Third Party/FreeRTOS/list.c" -mcpu=cortex-m3 -std=gnu11 -g3 -DDEBUG -DUSE_HAL_DRIVER -DSTM32F103xB -c -I../Core/Inc -I"C:/Users/e0162112/STM32CubeIDE/workspace_1.13.0/ARM-FreeRTOS/Drivers/Third Party/FreeRTOS/portable/GCC/ARM_CM3" -I"C:/Users/e0162112/STM32CubeIDE/workspace_1.13.0/ARM-FreeRTOS/Drivers/Third Party/FreeRTOS/portable/MemMang" -I"C:/Users/e0162112/STM32CubeIDE/workspace_1.13.0/ARM-FreeRTOS/Drivers/Third Party/FreeRTOS/include" -I../Drivers/STM32F1xx_HAL_Driver/Inc/Legacy -I../Drivers/STM32F1xx_HAL_Driver/Inc -I../Drivers/CMSIS/Device/ST/STM32F1xx/Include -I../Drivers/CMSIS/Include -O0 -ffunction-sections -fdata-sections -Wall -fstack-usage -fcyclomatic-complexity -MMD -MP -MF"Drivers/Third Party/FreeRTOS/list.d" -MT"Drivers/Third Party/FreeRTOS/list.o" --specs=nano.specs -mfloat-abi=soft -mthumb -o "Drivers/Third Party/FreeRTOS/list.o"
arm-none-eabi-gcc "../Drivers/Third Party/FreeRTOS/queue.c" -mcpu=cortex-m3 -std=gnu11 -g3 -DDEBUG -DUSE_HAL_DRIVER -DSTM32F103xB -c -I../Core/Inc -I"C:/Users/e0162112/STM32CubeIDE/workspace_1.13.0/ARM-FreeRTOS/Drivers/Third Party/FreeRTOS/portable/GCC/ARM_CM3" -I"C:/Users/e0162112/STM32CubeIDE/workspace_1.13.0/ARM-FreeRTOS/Drivers/Third Party/FreeRTOS/portable/MemMang" -I"C:/Users/e0162112/STM32CubeIDE/workspace_1.13.0/ARM-FreeRTOS/Drivers/Third Party/FreeRTOS/include" -I../Drivers/STM32F1xx_HAL_Driver/Inc/Legacy -I../Drivers/STM32F1xx_HAL_Driver/Inc -I../Drivers/CMSIS/Device/ST/STM32F1xx/Include -I../Drivers/CMSIS/Include -O0 -ffunction-sections -fdata-sections -Wall -fstack-usage -fcyclomatic-complexity -MMD -MP -MF"Drivers/Third Party/FreeRTOS/queue.d" -MT"Drivers/Third Party/FreeRTOS/queue.o" --specs=nano.specs -mfloat-abi=soft -mthumb -o "Drivers/Third Party/FreeRTOS/queue.o"
arm-none-eabi-gcc "../Drivers/Third Party/FreeRTOS/stream_buffer.c" -mcpu=cortex-m3 -std=gnu11 -g3 -DDEBUG -DUSE_HAL_DRIVER -DSTM32F103xB -c -I../Core/Inc -I"C:/Users/e0162112/STM32CubeIDE/workspace_1.13.0/ARM-FreeRTOS/Drivers/Third Party/FreeRTOS/portable/GCC/ARM_CM3" -I"C:/Users/e0162112/STM32CubeIDE/workspace_1.13.0/ARM-FreeRTOS/Drivers/Third Party/FreeRTOS/portable/MemMang" -I"C:/Users/e0162112/STM32CubeIDE/workspace_1.13.0/ARM-FreeRTOS/Drivers/Third Party/FreeRTOS/include" -I../Drivers/STM32F1xx_HAL_Driver/Inc/Legacy -I../Drivers/STM32F1xx_HAL_Driver/Inc -I../Drivers/CMSIS/Device/ST/STM32F1xx/Include -I../Drivers/CMSIS/Include -O0 -ffunction-sections -fdata-sections -Wall -fstack-usage -fcyclomatic-complexity -MMD -MP -MF"Drivers/Third Party/FreeRTOS/stream_buffer.d" -MT"Drivers/Third Party/FreeRTOS/stream_buffer.o" --specs=nano.specs -mfloat-abi=soft -mthumb -o "Drivers/Third Party/FreeRTOS/stream_buffer.o"
arm-none-eabi-gcc "../Drivers/Third Party/FreeRTOS/tasks.c" -mcpu=cortex-m3 -std=gnu11 -g3 -DDEBUG -DUSE_HAL_DRIVER -DSTM32F103xB -c -I../Core/Inc -I"C:/Users/e0162112/STM32CubeIDE/workspace_1.13.0/ARM-FreeRTOS/Drivers/Third Party/FreeRTOS/portable/GCC/ARM_CM3" -I"C:/Users/e0162112/STM32CubeIDE/workspace_1.13.0/ARM-FreeRTOS/Drivers/Third Party/FreeRTOS/portable/MemMang" -I"C:/Users/e0162112/STM32CubeIDE/workspace_1.13.0/ARM-FreeRTOS/Drivers/Third Party/FreeRTOS/include" -I../Drivers/STM32F1xx_HAL_Driver/Inc/Legacy -I../Drivers/STM32F1xx_HAL_Driver/Inc -I../Drivers/CMSIS/Device/ST/STM32F1xx/Include -I../Drivers/CMSIS/Include -O0 -ffunction-sections -fdata-sections -Wall -fstack-usage -fcyclomatic-complexity -MMD -MP -MF"Drivers/Third Party/FreeRTOS/tasks.d" -MT"Drivers/Third Party/FreeRTOS/tasks.o" --specs=nano.specs -mfloat-abi=soft -mthumb -o "Drivers/Third Party/FreeRTOS/tasks.o"
arm-none-eabi-gcc "../Drivers/Third Party/FreeRTOS/timers.c" -mcpu=cortex-m3 -std=gnu11 -g3 -DDEBUG -DUSE_HAL_DRIVER -DSTM32F103xB -c -I../Core/Inc -I"C:/Users/e0162112/STM32CubeIDE/workspace_1.13.0/ARM-FreeRTOS/Drivers/Third Party/FreeRTOS/portable/GCC/ARM_CM3" -I"C:/Users/e0162112/STM32CubeIDE/workspace_1.13.0/ARM-FreeRTOS/Drivers/Third Party/FreeRTOS/portable/MemMang" -I"C:/Users/e0162112/STM32CubeIDE/workspace_1.13.0/ARM-FreeRTOS/Drivers/Third Party/FreeRTOS/include" -I../Drivers/STM32F1xx_HAL_Driver/Inc/Legacy -I../Drivers/STM32F1xx_HAL_Driver/Inc -I../Drivers/CMSIS/Device/ST/STM32F1xx/Include -I../Drivers/CMSIS/Include -O0 -ffunction-sections -fdata-sections -Wall -fstack-usage -fcyclomatic-complexity -MMD -MP -MF"Drivers/Third Party/FreeRTOS/timers.d" -MT"Drivers/Third Party/FreeRTOS/timers.o" --specs=nano.specs -mfloat-abi=soft -mthumb -o "Drivers/Third Party/FreeRTOS/timers.o"
arm-none-eabi-gcc -o "ARM-FreeRTOS.elf" @"objects.list"   -mcpu=cortex-m3 -T"C:\Users\e0162112\STM32CubeIDE\workspace_1.13.0\ARM-FreeRTOS\STM32F103C8TX_FLASH.ld" --specs=nosys.specs -Wl,-Map="ARM-FreeRTOS.map" -Wl,--gc-sections -static --specs=nano.specs -mfloat-abi=soft -mthumb -Wl,--start-group -lc -lm -Wl,--end-group
Finished building target: ARM-FreeRTOS.elf
 
arm-none-eabi-size   ARM-FreeRTOS.elf 
arm-none-eabi-objdump -h -S  ARM-FreeRTOS.elf  > "ARM-FreeRTOS.list"
   text	   data	    bss	    dec	    hex	filename
   3544	     20	   1572	   5136	   1410	ARM-FreeRTOS.elf
Finished building: default.size.stdout
 
Finished building: ARM-FreeRTOS.list
 
18:32:50 **** Incremental Build of configuration Debug for project ARM-FreeRTOS ****
make -j8 all 
arm-none-eabi-gcc "../Drivers/STM32F1xx_HAL_Driver/Src/stm32f1xx_hal.c" -mcpu=cortex-m3 -std=gnu11 -g3 -DDEBUG -DUSE_HAL_DRIVER -DSTM32F103xB -c -I../Core/Inc -I"C:/Users/e0162112/STM32CubeIDE/workspace_1.13.0/ARM-FreeRTOS/Drivers/Third Party/FreeRTOS/portable/GCC/ARM_CM3" -I"C:/Users/e0162112/STM32CubeIDE/workspace_1.13.0/ARM-FreeRTOS/Drivers/Third Party/FreeRTOS/portable/MemMang" -I"C:/Users/e0162112/STM32CubeIDE/workspace_1.13.0/ARM-FreeRTOS/Drivers/Third Party/FreeRTOS/include" -I../Drivers/STM32F1xx_HAL_Driver/Inc/Legacy -I../Drivers/STM32F1xx_HAL_Driver/Inc -I../Drivers/CMSIS/Device/ST/STM32F1xx/Include -I../Drivers/CMSIS/Include -O0 -ffunction-sections -fdata-sections -Wall -fstack-usage -fcyclomatic-complexity -MMD -MP -MF"Drivers/STM32F1xx_HAL_Driver/Src/stm32f1xx_hal.d" -MT"Drivers/STM32F1xx_HAL_Driver/Src/stm32f1xx_hal.o" --specs=nano.specs -mfloat-abi=soft -mthumb -o "Drivers/STM32F1xx_HAL_Driver/Src/stm32f1xx_hal.o"
arm-none-eabi-gcc "../Drivers/STM32F1xx_HAL_Driver/Src/stm32f1xx_hal_cortex.c" -mcpu=cortex-m3 -std=gnu11 -g3 -DDEBUG -DUSE_HAL_DRIVER -DSTM32F103xB -c -I../Core/Inc -I"C:/Users/e0162112/STM32CubeIDE/workspace_1.13.0/ARM-FreeRTOS/Drivers/Third Party/FreeRTOS/portable/GCC/ARM_CM3" -I"C:/Users/e0162112/STM32CubeIDE/workspace_1.13.0/ARM-FreeRTOS/Drivers/Third Party/FreeRTOS/portable/MemMang" -I"C:/Users/e0162112/STM32CubeIDE/workspace_1.13.0/ARM-FreeRTOS/Drivers/Third Party/FreeRTOS/include" -I../Drivers/STM32F1xx_HAL_Driver/Inc/Legacy -I../Drivers/STM32F1xx_HAL_Driver/Inc -I../Drivers/CMSIS/Device/ST/STM32F1xx/Include -I../Drivers/CMSIS/Include -O0 -ffunction-sections -fdata-sections -Wall -fstack-usage -fcyclomatic-complexity -MMD -MP -MF"Drivers/STM32F1xx_HAL_Driver/Src/stm32f1xx_hal_cortex.d" -MT"Drivers/STM32F1xx_HAL_Driver/Src/stm32f1xx_hal_cortex.o" --specs=nano.specs -mfloat-abi=soft -mthumb -o "Drivers/STM32F1xx_HAL_Driver/Src/stm32f1xx_hal_cortex.o"
arm-none-eabi-gcc "../Drivers/STM32F1xx_HAL_Driver/Src/stm32f1xx_hal_dma.c" -mcpu=cortex-m3 -std=gnu11 -g3 -DDEBUG -DUSE_HAL_DRIVER -DSTM32F103xB -c -I../Core/Inc -I"C:/Users/e0162112/STM32CubeIDE/workspace_1.13.0/ARM-FreeRTOS/Drivers/Third Party/FreeRTOS/portable/GCC/ARM_CM3" -I"C:/Users/e0162112/STM32CubeIDE/workspace_1.13.0/ARM-FreeRTOS/Drivers/Third Party/FreeRTOS/portable/MemMang" -I"C:/Users/e0162112/STM32CubeIDE/workspace_1.13.0/ARM-FreeRTOS/Drivers/Third Party/FreeRTOS/include" -I../Drivers/STM32F1xx_HAL_Driver/Inc/Legacy -I../Drivers/STM32F1xx_HAL_Driver/Inc -I../Drivers/CMSIS/Device/ST/STM32F1xx/Include -I../Drivers/CMSIS/Include -O0 -ffunction-sections -fdata-sections -Wall -fstack-usage -fcyclomatic-complexity -MMD -MP -MF"Drivers/STM32F1xx_HAL_Driver/Src/stm32f1xx_hal_dma.d" -MT"Drivers/STM32F1xx_HAL_Driver/Src/stm32f1xx_hal_dma.o" --specs=nano.specs -mfloat-abi=soft -mthumb -o "Drivers/STM32F1xx_HAL_Driver/Src/stm32f1xx_hal_dma.o"
arm-none-eabi-gcc "../Drivers/STM32F1xx_HAL_Driver/Src/stm32f1xx_hal_exti.c" -mcpu=cortex-m3 -std=gnu11 -g3 -DDEBUG -DUSE_HAL_DRIVER -DSTM32F103xB -c -I../Core/Inc -I"C:/Users/e0162112/STM32CubeIDE/workspace_1.13.0/ARM-FreeRTOS/Drivers/Third Party/FreeRTOS/portable/GCC/ARM_CM3" -I"C:/Users/e0162112/STM32CubeIDE/workspace_1.13.0/ARM-FreeRTOS/Drivers/Third Party/FreeRTOS/portable/MemMang" -I"C:/Users/e0162112/STM32CubeIDE/workspace_1.13.0/ARM-FreeRTOS/Drivers/Third Party/FreeRTOS/include" -I../Drivers/STM32F1xx_HAL_Driver/Inc/Legacy -I../Drivers/STM32F1xx_HAL_Driver/Inc -I../Drivers/CMSIS/Device/ST/STM32F1xx/Include -I../Drivers/CMSIS/Include -O0 -ffunction-sections -fdata-sections -Wall -fstack-usage -fcyclomatic-complexity -MMD -MP -MF"Drivers/STM32F1xx_HAL_Driver/Src/stm32f1xx_hal_exti.d" -MT"Drivers/STM32F1xx_HAL_Driver/Src/stm32f1xx_hal_exti.o" --specs=nano.specs -mfloat-abi=soft -mthumb -o "Drivers/STM32F1xx_HAL_Driver/Src/stm32f1xx_hal_exti.o"
arm-none-eabi-gcc "../Drivers/STM32F1xx_HAL_Driver/Src/stm32f1xx_hal_flash.c" -mcpu=cortex-m3 -std=gnu11 -g3 -DDEBUG -DUSE_HAL_DRIVER -DSTM32F103xB -c -I../Core/Inc -I"C:/Users/e0162112/STM32CubeIDE/workspace_1.13.0/ARM-FreeRTOS/Drivers/Third Party/FreeRTOS/portable/GCC/ARM_CM3" -I"C:/Users/e0162112/STM32CubeIDE/workspace_1.13.0/ARM-FreeRTOS/Drivers/Third Party/FreeRTOS/portable/MemMang" -I"C:/Users/e0162112/STM32CubeIDE/workspace_1.13.0/ARM-FreeRTOS/Drivers/Third Party/FreeRTOS/include" -I../Drivers/STM32F1xx_HAL_Driver/Inc/Legacy -I../Drivers/STM32F1xx_HAL_Driver/Inc -I../Drivers/CMSIS/Device/ST/STM32F1xx/Include -I../Drivers/CMSIS/Include -O0 -ffunction-sections -fdata-sections -Wall -fstack-usage -fcyclomatic-complexity -MMD -MP -MF"Drivers/STM32F1xx_HAL_Driver/Src/stm32f1xx_hal_flash.d" -MT"Drivers/STM32F1xx_HAL_Driver/Src/stm32f1xx_hal_flash.o" --specs=nano.specs -mfloat-abi=soft -mthumb -o "Drivers/STM32F1xx_HAL_Driver/Src/stm32f1xx_hal_flash.o"
arm-none-eabi-gcc "../Drivers/STM32F1xx_HAL_Driver/Src/stm32f1xx_hal_flash_ex.c" -mcpu=cortex-m3 -std=gnu11 -g3 -DDEBUG -DUSE_HAL_DRIVER -DSTM32F103xB -c -I../Core/Inc -I"C:/Users/e0162112/STM32CubeIDE/workspace_1.13.0/ARM-FreeRTOS/Drivers/Third Party/FreeRTOS/portable/GCC/ARM_CM3" -I"C:/Users/e0162112/STM32CubeIDE/workspace_1.13.0/ARM-FreeRTOS/Drivers/Third Party/FreeRTOS/portable/MemMang" -I"C:/Users/e0162112/STM32CubeIDE/workspace_1.13.0/ARM-FreeRTOS/Drivers/Third Party/FreeRTOS/include" -I../Drivers/STM32F1xx_HAL_Driver/Inc/Legacy -I../Drivers/STM32F1xx_HAL_Driver/Inc -I../Drivers/CMSIS/Device/ST/STM32F1xx/Include -I../Drivers/CMSIS/Include -O0 -ffunction-sections -fdata-sections -Wall -fstack-usage -fcyclomatic-complexity -MMD -MP -MF"Drivers/STM32F1xx_HAL_Driver/Src/stm32f1xx_hal_flash_ex.d" -MT"Drivers/STM32F1xx_HAL_Driver/Src/stm32f1xx_hal_flash_ex.o" --specs=nano.specs -mfloat-abi=soft -mthumb -o "Drivers/STM32F1xx_HAL_Driver/Src/stm32f1xx_hal_flash_ex.o"
arm-none-eabi-gcc "../Drivers/STM32F1xx_HAL_Driver/Src/stm32f1xx_hal_gpio.c" -mcpu=cortex-m3 -std=gnu11 -g3 -DDEBUG -DUSE_HAL_DRIVER -DSTM32F103xB -c -I../Core/Inc -I"C:/Users/e0162112/STM32CubeIDE/workspace_1.13.0/ARM-FreeRTOS/Drivers/Third Party/FreeRTOS/portable/GCC/ARM_CM3" -I"C:/Users/e0162112/STM32CubeIDE/workspace_1.13.0/ARM-FreeRTOS/Drivers/Third Party/FreeRTOS/portable/MemMang" -I"C:/Users/e0162112/STM32CubeIDE/workspace_1.13.0/ARM-FreeRTOS/Drivers/Third Party/FreeRTOS/include" -I../Drivers/STM32F1xx_HAL_Driver/Inc/Legacy -I../Drivers/STM32F1xx_HAL_Driver/Inc -I../Drivers/CMSIS/Device/ST/STM32F1xx/Include -I../Drivers/CMSIS/Include -O0 -ffunction-sections -fdata-sections -Wall -fstack-usage -fcyclomatic-complexity -MMD -MP -MF"Drivers/STM32F1xx_HAL_Driver/Src/stm32f1xx_hal_gpio.d" -MT"Drivers/STM32F1xx_HAL_Driver/Src/stm32f1xx_hal_gpio.o" --specs=nano.specs -mfloat-abi=soft -mthumb -o "Drivers/STM32F1xx_HAL_Driver/Src/stm32f1xx_hal_gpio.o"
arm-none-eabi-gcc "../Drivers/STM32F1xx_HAL_Driver/Src/stm32f1xx_hal_gpio_ex.c" -mcpu=cortex-m3 -std=gnu11 -g3 -DDEBUG -DUSE_HAL_DRIVER -DSTM32F103xB -c -I../Core/Inc -I"C:/Users/e0162112/STM32CubeIDE/workspace_1.13.0/ARM-FreeRTOS/Drivers/Third Party/FreeRTOS/portable/GCC/ARM_CM3" -I"C:/Users/e0162112/STM32CubeIDE/workspace_1.13.0/ARM-FreeRTOS/Drivers/Third Party/FreeRTOS/portable/MemMang" -I"C:/Users/e0162112/STM32CubeIDE/workspace_1.13.0/ARM-FreeRTOS/Drivers/Third Party/FreeRTOS/include" -I../Drivers/STM32F1xx_HAL_Driver/Inc/Legacy -I../Drivers/STM32F1xx_HAL_Driver/Inc -I../Drivers/CMSIS/Device/ST/STM32F1xx/Include -I../Drivers/CMSIS/Include -O0 -ffunction-sections -fdata-sections -Wall -fstack-usage -fcyclomatic-complexity -MMD -MP -MF"Drivers/STM32F1xx_HAL_Driver/Src/stm32f1xx_hal_gpio_ex.d" -MT"Drivers/STM32F1xx_HAL_Driver/Src/stm32f1xx_hal_gpio_ex.o" --specs=nano.specs -mfloat-abi=soft -mthumb -o "Drivers/STM32F1xx_HAL_Driver/Src/stm32f1xx_hal_gpio_ex.o"
arm-none-eabi-gcc "../Drivers/STM32F1xx_HAL_Driver/Src/stm32f1xx_hal_pwr.c" -mcpu=cortex-m3 -std=gnu11 -g3 -DDEBUG -DUSE_HAL_DRIVER -DSTM32F103xB -c -I../Core/Inc -I"C:/Users/e0162112/STM32CubeIDE/workspace_1.13.0/ARM-FreeRTOS/Drivers/Third Party/FreeRTOS/portable/GCC/ARM_CM3" -I"C:/Users/e0162112/STM32CubeIDE/workspace_1.13.0/ARM-FreeRTOS/Drivers/Third Party/FreeRTOS/portable/MemMang" -I"C:/Users/e0162112/STM32CubeIDE/workspace_1.13.0/ARM-FreeRTOS/Drivers/Third Party/FreeRTOS/include" -I../Drivers/STM32F1xx_HAL_Driver/Inc/Legacy -I../Drivers/STM32F1xx_HAL_Driver/Inc -I../Drivers/CMSIS/Device/ST/STM32F1xx/Include -I../Drivers/CMSIS/Include -O0 -ffunction-sections -fdata-sections -Wall -fstack-usage -fcyclomatic-complexity -MMD -MP -MF"Drivers/STM32F1xx_HAL_Driver/Src/stm32f1xx_hal_pwr.d" -MT"Drivers/STM32F1xx_HAL_Driver/Src/stm32f1xx_hal_pwr.o" --specs=nano.specs -mfloat-abi=soft -mthumb -o "Drivers/STM32F1xx_HAL_Driver/Src/stm32f1xx_hal_pwr.o"
arm-none-eabi-gcc "../Drivers/STM32F1xx_HAL_Driver/Src/stm32f1xx_hal_rcc.c" -mcpu=cortex-m3 -std=gnu11 -g3 -DDEBUG -DUSE_HAL_DRIVER -DSTM32F103xB -c -I../Core/Inc -I"C:/Users/e0162112/STM32CubeIDE/workspace_1.13.0/ARM-FreeRTOS/Drivers/Third Party/FreeRTOS/portable/GCC/ARM_CM3" -I"C:/Users/e0162112/STM32CubeIDE/workspace_1.13.0/ARM-FreeRTOS/Drivers/Third Party/FreeRTOS/portable/MemMang" -I"C:/Users/e0162112/STM32CubeIDE/workspace_1.13.0/ARM-FreeRTOS/Drivers/Third Party/FreeRTOS/include" -I../Drivers/STM32F1xx_HAL_Driver/Inc/Legacy -I../Drivers/STM32F1xx_HAL_Driver/Inc -I../Drivers/CMSIS/Device/ST/STM32F1xx/Include -I../Drivers/CMSIS/Include -O0 -ffunction-sections -fdata-sections -Wall -fstack-usage -fcyclomatic-complexity -MMD -MP -MF"Drivers/STM32F1xx_HAL_Driver/Src/stm32f1xx_hal_rcc.d" -MT"Drivers/STM32F1xx_HAL_Driver/Src/stm32f1xx_hal_rcc.o" --specs=nano.specs -mfloat-abi=soft -mthumb -o "Drivers/STM32F1xx_HAL_Driver/Src/stm32f1xx_hal_rcc.o"
arm-none-eabi-gcc "../Drivers/STM32F1xx_HAL_Driver/Src/stm32f1xx_hal_rcc_ex.c" -mcpu=cortex-m3 -std=gnu11 -g3 -DDEBUG -DUSE_HAL_DRIVER -DSTM32F103xB -c -I../Core/Inc -I"C:/Users/e0162112/STM32CubeIDE/workspace_1.13.0/ARM-FreeRTOS/Drivers/Third Party/FreeRTOS/portable/GCC/ARM_CM3" -I"C:/Users/e0162112/STM32CubeIDE/workspace_1.13.0/ARM-FreeRTOS/Drivers/Third Party/FreeRTOS/portable/MemMang" -I"C:/Users/e0162112/STM32CubeIDE/workspace_1.13.0/ARM-FreeRTOS/Drivers/Third Party/FreeRTOS/include" -I../Drivers/STM32F1xx_HAL_Driver/Inc/Legacy -I../Drivers/STM32F1xx_HAL_Driver/Inc -I../Drivers/CMSIS/Device/ST/STM32F1xx/Include -I../Drivers/CMSIS/Include -O0 -ffunction-sections -fdata-sections -Wall -fstack-usage -fcyclomatic-complexity -MMD -MP -MF"Drivers/STM32F1xx_HAL_Driver/Src/stm32f1xx_hal_rcc_ex.d" -MT"Drivers/STM32F1xx_HAL_Driver/Src/stm32f1xx_hal_rcc_ex.o" --specs=nano.specs -mfloat-abi=soft -mthumb -o "Drivers/STM32F1xx_HAL_Driver/Src/stm32f1xx_hal_rcc_ex.o"
arm-none-eabi-gcc "../Drivers/STM32F1xx_HAL_Driver/Src/stm32f1xx_hal_tim.c" -mcpu=cortex-m3 -std=gnu11 -g3 -DDEBUG -DUSE_HAL_DRIVER -DSTM32F103xB -c -I../Core/Inc -I"C:/Users/e0162112/STM32CubeIDE/workspace_1.13.0/ARM-FreeRTOS/Drivers/Third Party/FreeRTOS/portable/GCC/ARM_CM3" -I"C:/Users/e0162112/STM32CubeIDE/workspace_1.13.0/ARM-FreeRTOS/Drivers/Third Party/FreeRTOS/portable/MemMang" -I"C:/Users/e0162112/STM32CubeIDE/workspace_1.13.0/ARM-FreeRTOS/Drivers/Third Party/FreeRTOS/include" -I../Drivers/STM32F1xx_HAL_Driver/Inc/Legacy -I../Drivers/STM32F1xx_HAL_Driver/Inc -I../Drivers/CMSIS/Device/ST/STM32F1xx/Include -I../Drivers/CMSIS/Include -O0 -ffunction-sections -fdata-sections -Wall -fstack-usage -fcyclomatic-complexity -MMD -MP -MF"Drivers/STM32F1xx_HAL_Driver/Src/stm32f1xx_hal_tim.d" -MT"Drivers/STM32F1xx_HAL_Driver/Src/stm32f1xx_hal_tim.o" --specs=nano.specs -mfloat-abi=soft -mthumb -o "Drivers/STM32F1xx_HAL_Driver/Src/stm32f1xx_hal_tim.o"
arm-none-eabi-gcc "../Drivers/STM32F1xx_HAL_Driver/Src/stm32f1xx_hal_tim_ex.c" -mcpu=cortex-m3 -std=gnu11 -g3 -DDEBUG -DUSE_HAL_DRIVER -DSTM32F103xB -c -I../Core/Inc -I"C:/Users/e0162112/STM32CubeIDE/workspace_1.13.0/ARM-FreeRTOS/Drivers/Third Party/FreeRTOS/portable/GCC/ARM_CM3" -I"C:/Users/e0162112/STM32CubeIDE/workspace_1.13.0/ARM-FreeRTOS/Drivers/Third Party/FreeRTOS/portable/MemMang" -I"C:/Users/e0162112/STM32CubeIDE/workspace_1.13.0/ARM-FreeRTOS/Drivers/Third Party/FreeRTOS/include" -I../Drivers/STM32F1xx_HAL_Driver/Inc/Legacy -I../Drivers/STM32F1xx_HAL_Driver/Inc -I../Drivers/CMSIS/Device/ST/STM32F1xx/Include -I../Drivers/CMSIS/Include -O0 -ffunction-sections -fdata-sections -Wall -fstack-usage -fcyclomatic-complexity -MMD -MP -MF"Drivers/STM32F1xx_HAL_Driver/Src/stm32f1xx_hal_tim_ex.d" -MT"Drivers/STM32F1xx_HAL_Driver/Src/stm32f1xx_hal_tim_ex.o" --specs=nano.specs -mfloat-abi=soft -mthumb -o "Drivers/STM32F1xx_HAL_Driver/Src/stm32f1xx_hal_tim_ex.o"
arm-none-eabi-gcc "../Core/Src/main.c" -mcpu=cortex-m3 -std=gnu11 -g3 -DDEBUG -DUSE_HAL_DRIVER -DSTM32F103xB -c -I../Core/Inc -I"C:/Users/e0162112/STM32CubeIDE/workspace_1.13.0/ARM-FreeRTOS/Drivers/Third Party/FreeRTOS/portable/GCC/ARM_CM3" -I"C:/Users/e0162112/STM32CubeIDE/workspace_1.13.0/ARM-FreeRTOS/Drivers/Third Party/FreeRTOS/portable/MemMang" -I"C:/Users/e0162112/STM32CubeIDE/workspace_1.13.0/ARM-FreeRTOS/Drivers/Third Party/FreeRTOS/include" -I../Drivers/STM32F1xx_HAL_Driver/Inc/Legacy -I../Drivers/STM32F1xx_HAL_Driver/Inc -I../Drivers/CMSIS/Device/ST/STM32F1xx/Include -I../Drivers/CMSIS/Include -O0 -ffunction-sections -fdata-sections -Wall -fstack-usage -fcyclomatic-complexity -MMD -MP -MF"Core/Src/main.d" -MT"Core/Src/main.o" --specs=nano.specs -mfloat-abi=soft -mthumb -o "Core/Src/main.o"
arm-none-eabi-gcc "../Core/Src/stm32f1xx_hal_msp.c" -mcpu=cortex-m3 -std=gnu11 -g3 -DDEBUG -DUSE_HAL_DRIVER -DSTM32F103xB -c -I../Core/Inc -I"C:/Users/e0162112/STM32CubeIDE/workspace_1.13.0/ARM-FreeRTOS/Drivers/Third Party/FreeRTOS/portable/GCC/ARM_CM3" -I"C:/Users/e0162112/STM32CubeIDE/workspace_1.13.0/ARM-FreeRTOS/Drivers/Third Party/FreeRTOS/portable/MemMang" -I"C:/Users/e0162112/STM32CubeIDE/workspace_1.13.0/ARM-FreeRTOS/Drivers/Third Party/FreeRTOS/include" -I../Drivers/STM32F1xx_HAL_Driver/Inc/Legacy -I../Drivers/STM32F1xx_HAL_Driver/Inc -I../Drivers/CMSIS/Device/ST/STM32F1xx/Include -I../Drivers/CMSIS/Include -O0 -ffunction-sections -fdata-sections -Wall -fstack-usage -fcyclomatic-complexity -MMD -MP -MF"Core/Src/stm32f1xx_hal_msp.d" -MT"Core/Src/stm32f1xx_hal_msp.o" --specs=nano.specs -mfloat-abi=soft -mthumb -o "Core/Src/stm32f1xx_hal_msp.o"
arm-none-eabi-gcc "../Core/Src/stm32f1xx_hal_timebase_tim.c" -mcpu=cortex-m3 -std=gnu11 -g3 -DDEBUG -DUSE_HAL_DRIVER -DSTM32F103xB -c -I../Core/Inc -I"C:/Users/e0162112/STM32CubeIDE/workspace_1.13.0/ARM-FreeRTOS/Drivers/Third Party/FreeRTOS/portable/GCC/ARM_CM3" -I"C:/Users/e0162112/STM32CubeIDE/workspace_1.13.0/ARM-FreeRTOS/Drivers/Third Party/FreeRTOS/portable/MemMang" -I"C:/Users/e0162112/STM32CubeIDE/workspace_1.13.0/ARM-FreeRTOS/Drivers/Third Party/FreeRTOS/include" -I../Drivers/STM32F1xx_HAL_Driver/Inc/Legacy -I../Drivers/STM32F1xx_HAL_Driver/Inc -I../Drivers/CMSIS/Device/ST/STM32F1xx/Include -I../Drivers/CMSIS/Include -O0 -ffunction-sections -fdata-sections -Wall -fstack-usage -fcyclomatic-complexity -MMD -MP -MF"Core/Src/stm32f1xx_hal_timebase_tim.d" -MT"Core/Src/stm32f1xx_hal_timebase_tim.o" --specs=nano.specs -mfloat-abi=soft -mthumb -o "Core/Src/stm32f1xx_hal_timebase_tim.o"
arm-none-eabi-gcc "../Core/Src/stm32f1xx_it.c" -mcpu=cortex-m3 -std=gnu11 -g3 -DDEBUG -DUSE_HAL_DRIVER -DSTM32F103xB -c -I../Core/Inc -I"C:/Users/e0162112/STM32CubeIDE/workspace_1.13.0/ARM-FreeRTOS/Drivers/Third Party/FreeRTOS/portable/GCC/ARM_CM3" -I"C:/Users/e0162112/STM32CubeIDE/workspace_1.13.0/ARM-FreeRTOS/Drivers/Third Party/FreeRTOS/portable/MemMang" -I"C:/Users/e0162112/STM32CubeIDE/workspace_1.13.0/ARM-FreeRTOS/Drivers/Third Party/FreeRTOS/include" -I../Drivers/STM32F1xx_HAL_Driver/Inc/Legacy -I../Drivers/STM32F1xx_HAL_Driver/Inc -I../Drivers/CMSIS/Device/ST/STM32F1xx/Include -I../Drivers/CMSIS/Include -O0 -ffunction-sections -fdata-sections -Wall -fstack-usage -fcyclomatic-complexity -MMD -MP -MF"Core/Src/stm32f1xx_it.d" -MT"Core/Src/stm32f1xx_it.o" --specs=nano.specs -mfloat-abi=soft -mthumb -o "Core/Src/stm32f1xx_it.o"
arm-none-eabi-gcc "../Core/Src/syscalls.c" -mcpu=cortex-m3 -std=gnu11 -g3 -DDEBUG -DUSE_HAL_DRIVER -DSTM32F103xB -c -I../Core/Inc -I"C:/Users/e0162112/STM32CubeIDE/workspace_1.13.0/ARM-FreeRTOS/Drivers/Third Party/FreeRTOS/portable/GCC/ARM_CM3" -I"C:/Users/e0162112/STM32CubeIDE/workspace_1.13.0/ARM-FreeRTOS/Drivers/Third Party/FreeRTOS/portable/MemMang" -I"C:/Users/e0162112/STM32CubeIDE/workspace_1.13.0/ARM-FreeRTOS/Drivers/Third Party/FreeRTOS/include" -I../Drivers/STM32F1xx_HAL_Driver/Inc/Legacy -I../Drivers/STM32F1xx_HAL_Driver/Inc -I../Drivers/CMSIS/Device/ST/STM32F1xx/Include -I../Drivers/CMSIS/Include -O0 -ffunction-sections -fdata-sections -Wall -fstack-usage -fcyclomatic-complexity -MMD -MP -MF"Core/Src/syscalls.d" -MT"Core/Src/syscalls.o" --specs=nano.specs -mfloat-abi=soft -mthumb -o "Core/Src/syscalls.o"
arm-none-eabi-gcc "../Core/Src/system_stm32f1xx.c" -mcpu=cortex-m3 -std=gnu11 -g3 -DDEBUG -DUSE_HAL_DRIVER -DSTM32F103xB -c -I../Core/Inc -I"C:/Users/e0162112/STM32CubeIDE/workspace_1.13.0/ARM-FreeRTOS/Drivers/Third Party/FreeRTOS/portable/GCC/ARM_CM3" -I"C:/Users/e0162112/STM32CubeIDE/workspace_1.13.0/ARM-FreeRTOS/Drivers/Third Party/FreeRTOS/portable/MemMang" -I"C:/Users/e0162112/STM32CubeIDE/workspace_1.13.0/ARM-FreeRTOS/Drivers/Third Party/FreeRTOS/include" -I../Drivers/STM32F1xx_HAL_Driver/Inc/Legacy -I../Drivers/STM32F1xx_HAL_Driver/Inc -I../Drivers/CMSIS/Device/ST/STM32F1xx/Include -I../Drivers/CMSIS/Include -O0 -ffunction-sections -fdata-sections -Wall -fstack-usage -fcyclomatic-complexity -MMD -MP -MF"Core/Src/system_stm32f1xx.d" -MT"Core/Src/system_stm32f1xx.o" --specs=nano.specs -mfloat-abi=soft -mthumb -o "Core/Src/system_stm32f1xx.o"
arm-none-eabi-gcc -o "ARM-FreeRTOS.elf" @"objects.list"   -mcpu=cortex-m3 -T"C:\Users\e0162112\STM32CubeIDE\workspace_1.13.0\ARM-FreeRTOS\STM32F103C8TX_FLASH.ld" --specs=nosys.specs -Wl,-Map="ARM-FreeRTOS.map" -Wl,--gc-sections -static --specs=nano.specs -mfloat-abi=soft -mthumb -Wl,--start-group -lc -lm -Wl,--end-group
Finished building target: ARM-FreeRTOS.elf
 
arm-none-eabi-size   ARM-FreeRTOS.elf 
arm-none-eabi-objdump -h -S  ARM-FreeRTOS.elf  > "ARM-FreeRTOS.list"
   text	   data	    bss	    dec	    hex	filename
   5120	     20	   1644	   6784	   1a80	ARM-FreeRTOS.elf
Finished building: default.size.stdout
 
Finished building: ARM-FreeRTOS.list
 
11:56:16 **** Incremental Build of configuration Debug for project ARM-FreeRTOS ****
make -j8 all 
arm-none-eabi-gcc "../Drivers/Third Party/FreeRTOS/portable/MemMang/heap_4.c" -mcpu=cortex-m3 -std=gnu11 -g3 -DDEBUG -DUSE_HAL_DRIVER -DSTM32F103xB -c -I../Core/Inc -I"C:/Users/e0162112/STM32CubeIDE/workspace_1.13.0/ARM-FreeRTOS/Drivers/Third Party/FreeRTOS/portable/GCC/ARM_CM3" -I"C:/Users/e0162112/STM32CubeIDE/workspace_1.13.0/ARM-FreeRTOS/Drivers/Third Party/FreeRTOS/portable/MemMang" -I"C:/Users/e0162112/STM32CubeIDE/workspace_1.13.0/ARM-FreeRTOS/Drivers/Third Party/FreeRTOS/include" -I../Drivers/STM32F1xx_HAL_Driver/Inc/Legacy -I../Drivers/STM32F1xx_HAL_Driver/Inc -I../Drivers/CMSIS/Device/ST/STM32F1xx/Include -I../Drivers/CMSIS/Include -O0 -ffunction-sections -fdata-sections -Wall -fstack-usage -fcyclomatic-complexity -MMD -MP -MF"Drivers/Third Party/FreeRTOS/portable/MemMang/heap_4.d" -MT"Drivers/Third Party/FreeRTOS/portable/MemMang/heap_4.o" --specs=nano.specs -mfloat-abi=soft -mthumb -o "Drivers/Third Party/FreeRTOS/portable/MemMang/heap_4.o"
arm-none-eabi-gcc "../Drivers/Third Party/FreeRTOS/portable/GCC/ARM_CM3/port.c" -mcpu=cortex-m3 -std=gnu11 -g3 -DDEBUG -DUSE_HAL_DRIVER -DSTM32F103xB -c -I../Core/Inc -I"C:/Users/e0162112/STM32CubeIDE/workspace_1.13.0/ARM-FreeRTOS/Drivers/Third Party/FreeRTOS/portable/GCC/ARM_CM3" -I"C:/Users/e0162112/STM32CubeIDE/workspace_1.13.0/ARM-FreeRTOS/Drivers/Third Party/FreeRTOS/portable/MemMang" -I"C:/Users/e0162112/STM32CubeIDE/workspace_1.13.0/ARM-FreeRTOS/Drivers/Third Party/FreeRTOS/include" -I../Drivers/STM32F1xx_HAL_Driver/Inc/Legacy -I../Drivers/STM32F1xx_HAL_Driver/Inc -I../Drivers/CMSIS/Device/ST/STM32F1xx/Include -I../Drivers/CMSIS/Include -O0 -ffunction-sections -fdata-sections -Wall -fstack-usage -fcyclomatic-complexity -MMD -MP -MF"Drivers/Third Party/FreeRTOS/portable/GCC/ARM_CM3/port.d" -MT"Drivers/Third Party/FreeRTOS/portable/GCC/ARM_CM3/port.o" --specs=nano.specs -mfloat-abi=soft -mthumb -o "Drivers/Third Party/FreeRTOS/portable/GCC/ARM_CM3/port.o"
arm-none-eabi-gcc "../Drivers/Third Party/FreeRTOS/croutine.c" -mcpu=cortex-m3 -std=gnu11 -g3 -DDEBUG -DUSE_HAL_DRIVER -DSTM32F103xB -c -I../Core/Inc -I"C:/Users/e0162112/STM32CubeIDE/workspace_1.13.0/ARM-FreeRTOS/Drivers/Third Party/FreeRTOS/portable/GCC/ARM_CM3" -I"C:/Users/e0162112/STM32CubeIDE/workspace_1.13.0/ARM-FreeRTOS/Drivers/Third Party/FreeRTOS/portable/MemMang" -I"C:/Users/e0162112/STM32CubeIDE/workspace_1.13.0/ARM-FreeRTOS/Drivers/Third Party/FreeRTOS/include" -I../Drivers/STM32F1xx_HAL_Driver/Inc/Legacy -I../Drivers/STM32F1xx_HAL_Driver/Inc -I../Drivers/CMSIS/Device/ST/STM32F1xx/Include -I../Drivers/CMSIS/Include -O0 -ffunction-sections -fdata-sections -Wall -fstack-usage -fcyclomatic-complexity -MMD -MP -MF"Drivers/Third Party/FreeRTOS/croutine.d" -MT"Drivers/Third Party/FreeRTOS/croutine.o" --specs=nano.specs -mfloat-abi=soft -mthumb -o "Drivers/Third Party/FreeRTOS/croutine.o"
arm-none-eabi-gcc "../Drivers/Third Party/FreeRTOS/event_groups.c" -mcpu=cortex-m3 -std=gnu11 -g3 -DDEBUG -DUSE_HAL_DRIVER -DSTM32F103xB -c -I../Core/Inc -I"C:/Users/e0162112/STM32CubeIDE/workspace_1.13.0/ARM-FreeRTOS/Drivers/Third Party/FreeRTOS/portable/GCC/ARM_CM3" -I"C:/Users/e0162112/STM32CubeIDE/workspace_1.13.0/ARM-FreeRTOS/Drivers/Third Party/FreeRTOS/portable/MemMang" -I"C:/Users/e0162112/STM32CubeIDE/workspace_1.13.0/ARM-FreeRTOS/Drivers/Third Party/FreeRTOS/include" -I../Drivers/STM32F1xx_HAL_Driver/Inc/Legacy -I../Drivers/STM32F1xx_HAL_Driver/Inc -I../Drivers/CMSIS/Device/ST/STM32F1xx/Include -I../Drivers/CMSIS/Include -O0 -ffunction-sections -fdata-sections -Wall -fstack-usage -fcyclomatic-complexity -MMD -MP -MF"Drivers/Third Party/FreeRTOS/event_groups.d" -MT"Drivers/Third Party/FreeRTOS/event_groups.o" --specs=nano.specs -mfloat-abi=soft -mthumb -o "Drivers/Third Party/FreeRTOS/event_groups.o"
arm-none-eabi-gcc "../Drivers/Third Party/FreeRTOS/list.c" -mcpu=cortex-m3 -std=gnu11 -g3 -DDEBUG -DUSE_HAL_DRIVER -DSTM32F103xB -c -I../Core/Inc -I"C:/Users/e0162112/STM32CubeIDE/workspace_1.13.0/ARM-FreeRTOS/Drivers/Third Party/FreeRTOS/portable/GCC/ARM_CM3" -I"C:/Users/e0162112/STM32CubeIDE/workspace_1.13.0/ARM-FreeRTOS/Drivers/Third Party/FreeRTOS/portable/MemMang" -I"C:/Users/e0162112/STM32CubeIDE/workspace_1.13.0/ARM-FreeRTOS/Drivers/Third Party/FreeRTOS/include" -I../Drivers/STM32F1xx_HAL_Driver/Inc/Legacy -I../Drivers/STM32F1xx_HAL_Driver/Inc -I../Drivers/CMSIS/Device/ST/STM32F1xx/Include -I../Drivers/CMSIS/Include -O0 -ffunction-sections -fdata-sections -Wall -fstack-usage -fcyclomatic-complexity -MMD -MP -MF"Drivers/Third Party/FreeRTOS/list.d" -MT"Drivers/Third Party/FreeRTOS/list.o" --specs=nano.specs -mfloat-abi=soft -mthumb -o "Drivers/Third Party/FreeRTOS/list.o"
arm-none-eabi-gcc "../Drivers/Third Party/FreeRTOS/queue.c" -mcpu=cortex-m3 -std=gnu11 -g3 -DDEBUG -DUSE_HAL_DRIVER -DSTM32F103xB -c -I../Core/Inc -I"C:/Users/e0162112/STM32CubeIDE/workspace_1.13.0/ARM-FreeRTOS/Drivers/Third Party/FreeRTOS/portable/GCC/ARM_CM3" -I"C:/Users/e0162112/STM32CubeIDE/workspace_1.13.0/ARM-FreeRTOS/Drivers/Third Party/FreeRTOS/portable/MemMang" -I"C:/Users/e0162112/STM32CubeIDE/workspace_1.13.0/ARM-FreeRTOS/Drivers/Third Party/FreeRTOS/include" -I../Drivers/STM32F1xx_HAL_Driver/Inc/Legacy -I../Drivers/STM32F1xx_HAL_Driver/Inc -I../Drivers/CMSIS/Device/ST/STM32F1xx/Include -I../Drivers/CMSIS/Include -O0 -ffunction-sections -fdata-sections -Wall -fstack-usage -fcyclomatic-complexity -MMD -MP -MF"Drivers/Third Party/FreeRTOS/queue.d" -MT"Drivers/Third Party/FreeRTOS/queue.o" --specs=nano.specs -mfloat-abi=soft -mthumb -o "Drivers/Third Party/FreeRTOS/queue.o"
arm-none-eabi-gcc "../Drivers/Third Party/FreeRTOS/stream_buffer.c" -mcpu=cortex-m3 -std=gnu11 -g3 -DDEBUG -DUSE_HAL_DRIVER -DSTM32F103xB -c -I../Core/Inc -I"C:/Users/e0162112/STM32CubeIDE/workspace_1.13.0/ARM-FreeRTOS/Drivers/Third Party/FreeRTOS/portable/GCC/ARM_CM3" -I"C:/Users/e0162112/STM32CubeIDE/workspace_1.13.0/ARM-FreeRTOS/Drivers/Third Party/FreeRTOS/portable/MemMang" -I"C:/Users/e0162112/STM32CubeIDE/workspace_1.13.0/ARM-FreeRTOS/Drivers/Third Party/FreeRTOS/include" -I../Drivers/STM32F1xx_HAL_Driver/Inc/Legacy -I../Drivers/STM32F1xx_HAL_Driver/Inc -I../Drivers/CMSIS/Device/ST/STM32F1xx/Include -I../Drivers/CMSIS/Include -O0 -ffunction-sections -fdata-sections -Wall -fstack-usage -fcyclomatic-complexity -MMD -MP -MF"Drivers/Third Party/FreeRTOS/stream_buffer.d" -MT"Drivers/Third Party/FreeRTOS/stream_buffer.o" --specs=nano.specs -mfloat-abi=soft -mthumb -o "Drivers/Third Party/FreeRTOS/stream_buffer.o"
arm-none-eabi-gcc "../Drivers/Third Party/FreeRTOS/tasks.c" -mcpu=cortex-m3 -std=gnu11 -g3 -DDEBUG -DUSE_HAL_DRIVER -DSTM32F103xB -c -I../Core/Inc -I"C:/Users/e0162112/STM32CubeIDE/workspace_1.13.0/ARM-FreeRTOS/Drivers/Third Party/FreeRTOS/portable/GCC/ARM_CM3" -I"C:/Users/e0162112/STM32CubeIDE/workspace_1.13.0/ARM-FreeRTOS/Drivers/Third Party/FreeRTOS/portable/MemMang" -I"C:/Users/e0162112/STM32CubeIDE/workspace_1.13.0/ARM-FreeRTOS/Drivers/Third Party/FreeRTOS/include" -I../Drivers/STM32F1xx_HAL_Driver/Inc/Legacy -I../Drivers/STM32F1xx_HAL_Driver/Inc -I../Drivers/CMSIS/Device/ST/STM32F1xx/Include -I../Drivers/CMSIS/Include -O0 -ffunction-sections -fdata-sections -Wall -fstack-usage -fcyclomatic-complexity -MMD -MP -MF"Drivers/Third Party/FreeRTOS/tasks.d" -MT"Drivers/Third Party/FreeRTOS/tasks.o" --specs=nano.specs -mfloat-abi=soft -mthumb -o "Drivers/Third Party/FreeRTOS/tasks.o"
arm-none-eabi-gcc "../Drivers/Third Party/FreeRTOS/timers.c" -mcpu=cortex-m3 -std=gnu11 -g3 -DDEBUG -DUSE_HAL_DRIVER -DSTM32F103xB -c -I../Core/Inc -I"C:/Users/e0162112/STM32CubeIDE/workspace_1.13.0/ARM-FreeRTOS/Drivers/Third Party/FreeRTOS/portable/GCC/ARM_CM3" -I"C:/Users/e0162112/STM32CubeIDE/workspace_1.13.0/ARM-FreeRTOS/Drivers/Third Party/FreeRTOS/portable/MemMang" -I"C:/Users/e0162112/STM32CubeIDE/workspace_1.13.0/ARM-FreeRTOS/Drivers/Third Party/FreeRTOS/include" -I../Drivers/STM32F1xx_HAL_Driver/Inc/Legacy -I../Drivers/STM32F1xx_HAL_Driver/Inc -I../Drivers/CMSIS/Device/ST/STM32F1xx/Include -I../Drivers/CMSIS/Include -O0 -ffunction-sections -fdata-sections -Wall -fstack-usage -fcyclomatic-complexity -MMD -MP -MF"Drivers/Third Party/FreeRTOS/timers.d" -MT"Drivers/Third Party/FreeRTOS/timers.o" --specs=nano.specs -mfloat-abi=soft -mthumb -o "Drivers/Third Party/FreeRTOS/timers.o"
arm-none-eabi-gcc "../Core/Src/main.c" -mcpu=cortex-m3 -std=gnu11 -g3 -DDEBUG -DUSE_HAL_DRIVER -DSTM32F103xB -c -I../Core/Inc -I"C:/Users/e0162112/STM32CubeIDE/workspace_1.13.0/ARM-FreeRTOS/Drivers/Third Party/FreeRTOS/portable/GCC/ARM_CM3" -I"C:/Users/e0162112/STM32CubeIDE/workspace_1.13.0/ARM-FreeRTOS/Drivers/Third Party/FreeRTOS/portable/MemMang" -I"C:/Users/e0162112/STM32CubeIDE/workspace_1.13.0/ARM-FreeRTOS/Drivers/Third Party/FreeRTOS/include" -I../Drivers/STM32F1xx_HAL_Driver/Inc/Legacy -I../Drivers/STM32F1xx_HAL_Driver/Inc -I../Drivers/CMSIS/Device/ST/STM32F1xx/Include -I../Drivers/CMSIS/Include -O0 -ffunction-sections -fdata-sections -Wall -fstack-usage -fcyclomatic-complexity -MMD -MP -MF"Core/Src/main.d" -MT"Core/Src/main.o" --specs=nano.specs -mfloat-abi=soft -mthumb -o "Core/Src/main.o"
../Core/Src/main.c: In function 'main':
../Core/Src/main.c:90:15: warning: passing argument 1 of 'xTaskCreate' from incompatible pointer type [-Wincompatible-pointer-types]
   90 |   xTaskCreate(Task_1, "Task_1", 4, "Hello world from task-1", 4, &Task_1_handle);
      |               ^~~~~~
      |               |
      |               void (*)(void)
In file included from ../Core/Src/main.c:25:
C:/Users/e0162112/STM32CubeIDE/workspace_1.13.0/ARM-FreeRTOS/Drivers/Third Party/FreeRTOS/include/task.h:355:44: note: expected 'TaskFunction_t' {aka 'void (*)(void *)'} but argument is of type 'void (*)(void)'
  355 |     BaseType_t xTaskCreate( TaskFunction_t pxTaskCode,
      |                             ~~~~~~~~~~~~~~~^~~~~~~~~~
arm-none-eabi-gcc -o "ARM-FreeRTOS.elf" @"objects.list"   -mcpu=cortex-m3 -T"C:\Users\e0162112\STM32CubeIDE\workspace_1.13.0\ARM-FreeRTOS\STM32F103C8TX_FLASH.ld" --specs=nosys.specs -Wl,-Map="ARM-FreeRTOS.map" -Wl,--gc-sections -static --specs=nano.specs -mfloat-abi=soft -mthumb -Wl,--start-group -lc -lm -Wl,--end-group
Finished building target: ARM-FreeRTOS.elf
 
arm-none-eabi-size   ARM-FreeRTOS.elf 
arm-none-eabi-objdump -h -S  ARM-FreeRTOS.elf  > "ARM-FreeRTOS.list"
   text	   data	    bss	    dec	    hex	filename
   9112	     24	  20360	  29496	   7338	ARM-FreeRTOS.elf
Finished building: default.size.stdout
 
Finished building: ARM-FreeRTOS.list
 
11:59:14 **** Incremental Build of configuration Debug for project ARM-FreeRTOS ****
make -j8 all 
arm-none-eabi-gcc "../Core/Src/main.c" -mcpu=cortex-m3 -std=gnu11 -g3 -DDEBUG -DUSE_HAL_DRIVER -DSTM32F103xB -c -I../Core/Inc -I"C:/Users/e0162112/STM32CubeIDE/workspace_1.13.0/ARM-FreeRTOS/Drivers/Third Party/FreeRTOS/portable/GCC/ARM_CM3" -I"C:/Users/e0162112/STM32CubeIDE/workspace_1.13.0/ARM-FreeRTOS/Drivers/Third Party/FreeRTOS/portable/MemMang" -I"C:/Users/e0162112/STM32CubeIDE/workspace_1.13.0/ARM-FreeRTOS/Drivers/Third Party/FreeRTOS/include" -I../Drivers/STM32F1xx_HAL_Driver/Inc/Legacy -I../Drivers/STM32F1xx_HAL_Driver/Inc -I../Drivers/CMSIS/Device/ST/STM32F1xx/Include -I../Drivers/CMSIS/Include -O0 -ffunction-sections -fdata-sections -Wall -fstack-usage -fcyclomatic-complexity -MMD -MP -MF"Core/Src/main.d" -MT"Core/Src/main.o" --specs=nano.specs -mfloat-abi=soft -mthumb -o "Core/Src/main.o"
../Core/Src/main.c: In function 'main':
../Core/Src/main.c:91:24: warning: passing argument 1 of 'xTaskCreate' from incompatible pointer type [-Wincompatible-pointer-types]
   91 |   status = xTaskCreate(Task_1, "Task_1", 4, "Hello world from task-1", 4, &Task_1_handle);
      |                        ^~~~~~
      |                        |
      |                        void (*)(void)
In file included from ../Core/Src/main.c:25:
C:/Users/e0162112/STM32CubeIDE/workspace_1.13.0/ARM-FreeRTOS/Drivers/Third Party/FreeRTOS/include/task.h:355:44: note: expected 'TaskFunction_t' {aka 'void (*)(void *)'} but argument is of type 'void (*)(void)'
  355 |     BaseType_t xTaskCreate( TaskFunction_t pxTaskCode,
      |                             ~~~~~~~~~~~~~~~^~~~~~~~~~
arm-none-eabi-gcc -o "ARM-FreeRTOS.elf" @"objects.list"   -mcpu=cortex-m3 -T"C:\Users\e0162112\STM32CubeIDE\workspace_1.13.0\ARM-FreeRTOS\STM32F103C8TX_FLASH.ld" --specs=nosys.specs -Wl,-Map="ARM-FreeRTOS.map" -Wl,--gc-sections -static --specs=nano.specs -mfloat-abi=soft -mthumb -Wl,--start-group -lc -lm -Wl,--end-group
Finished building target: ARM-FreeRTOS.elf
 
arm-none-eabi-size   ARM-FreeRTOS.elf 
arm-none-eabi-objdump -h -S  ARM-FreeRTOS.elf  > "ARM-FreeRTOS.list"
   text	   data	    bss	    dec	    hex	filename
   9124	     24	  20360	  29508	   7344	ARM-FreeRTOS.elf
Finished building: default.size.stdout
 
Finished building: ARM-FreeRTOS.list
 
